    Finished `test` profile [unoptimized] target(s) in 0.15s
     Running tests/init_cli_tests.rs (target/debug/deps/init_cli_tests-842c73fd81291715)

running 9 tests
test custom_xdg_environment_variables_honored ... ok
test dangling_symlink_is_replaced ... ok
test init_help_and_unknown_flags_via_subprocess ... ok
test native_success_with_nonexistent_symbrain_go_binary ... ok
test fresh_init_creates_files_and_dirs_with_proper_modes ... ok
test symlink_to_existing_file_is_skipped ... ok
test rerun_skips_existing_files_and_preserves_user_edits ... ok
test missing_home_fails_with_expected_error ... ok
test positionals_and_terminators_are_accepted ... ok

test result: ok. 9 passed; 0 failed; 0 ignored; 0 measured; 0 filtered out; finished in 0.01s

     Running tests/profile_cli_tests.rs (target/debug/deps/profile_cli_tests-4f53146ad9a10419)

running 14 tests
test remove_aborts_on_oversized_confirmation_input ... ok
test add_uses_restricted_template_by_default_and_secure_modes ... ok
test list_json_has_canonical_core_order_and_partial_errors ... ok
test remove_deletes_fifo_without_following ... ok
test add_personal_flag_after_name_and_show_json_are_native ... ok
test remove_fails_closed_for_fifo_harness_config ... ok
test remove_fails_closed_for_symlink_harness_config ... ok
test remove_deletes_file_symlink_without_following ... ok
test remove_oracle_fixture_records_source_provenance ... ok
test remove_is_native_and_force_deletes_profile ... ok
test remove_rejects_symlinked_profiles_root_without_touching_target ... ok
test remove_refuses_global_and_project_bindings_without_side_effects ... ok
test remove_keeps_relative_project_display_and_rejects_symlink_project_root ... ok
test remove_prompt_matches_go_for_yes_no_and_eof ... ok

test result: ok. 14 passed; 0 failed; 0 ignored; 0 measured; 0 filtered out; finished in 0.02s

