   Compiling symbrowse-core v0.0.0 (/workspace/symaira-daemon772-discovery-runtime/browse/crates/symbrowse-core)
    Finished `test` profile [unoptimized] target(s) in 0.26s
     Running unittests src/main.rs (/workspace/symaira-daemon772-discovery-runtime/target/debug/deps/symbrowse-dc337014870bffd2)

running 22 tests
test completion::tests::hidden_completion_matches_cobra_flag_candidates_and_order ... ok
test completion::tests::no_description_protocol_drops_candidate_descriptions_only ... ok
test completion::tests::hidden_completion_uses_only_the_implemented_command_tree ... ok
test completion::tests::parser_exposes_only_supported_shell_generators_and_hidden_protocol ... ok
test daemon_state::tests::session_selection_and_format_are_independent_of_flag_position ... ok
test completion::tests::no_description_script_uses_cobra_no_desc_request_protocol ... ok
test tests::browser_fetch_and_flow_commands_are_typed_dispatches ... ok
test tests::a11y_routes_tags_selector_and_optional_url ... ok
test tests::mcp_rejects_unknown_engine_like_go ... ok
test tests::parses_batch_flags_and_commands ... ok
test tests::parses_config_show ... ok
test tests::parses_mcp_daemon_autostart_flags ... ok
test tests::parses_version_flag_permutations ... ok
test tests::preserves_version_errors ... ok
test tests::unknown_public_commands_fail_instead_of_succeeding ... ok
test tests::state_key_init_parser_and_output_match_go ... ok
test tests::batch_mcp_list_profiles_matches_source_pinned_go_output ... ok
test upgrade::tests::cache_write_rejects_user_symlink_parent ... ok
test upgrade::tests::stable_versions_and_major_zero_guard_match_go ... ok
test upgrade::tests::update_hint_does_not_recommend_unimplemented_apply ... ok
test completion::tests::cobra_scripts_match_the_pinned_go_oracle_bytes ... ok
test upgrade::tests::local_fake_release_is_fetched_then_reused_from_go_compatible_cache ... ok

test result: ok. 22 passed; 0 failed; 0 ignored; 0 measured; 0 filtered out; finished in 0.02s

     Running tests/flow_list.rs (/workspace/symaira-daemon772-discovery-runtime/target/debug/deps/flow_list-d6e96093c5be1461)

running 1 test
test flow_list_preserves_go_json_envelope_for_empty_and_populated_discovery ... ok

test result: ok. 1 passed; 0 failed; 0 ignored; 0 measured; 0 filtered out; finished in 0.01s

     Running tests/help_oracle.rs (/workspace/symaira-daemon772-discovery-runtime/target/debug/deps/help_oracle-de9b37a06e40131b)

running 1 test
test rust_help_and_completion_follow_the_go_source_tree ... ok

test result: ok. 1 passed; 0 failed; 0 ignored; 0 measured; 0 filtered out; finished in 1.66s

     Running tests/profiles.rs (/workspace/symaira-daemon772-discovery-runtime/target/debug/deps/profiles-9a8f2d220d327cb8)

running 1 test
test browser_profiles_match_go_cli_without_touching_browser_state ... ok

test result: ok. 1 passed; 0 failed; 0 ignored; 0 measured; 0 filtered out; finished in 0.49s

     Running tests/upgrade_check_native.rs (/workspace/symaira-daemon772-discovery-runtime/target/debug/deps/upgrade_check_native-e393d1733d686da7)

running 2 tests
test native_upgrade_check_reads_fixture_cache_without_applying_or_networking ... ok
test native_upgrade_check_failure_exits_nonzero_for_json_and_yaml ... ok

test result: ok. 2 passed; 0 failed; 0 ignored; 0 measured; 0 filtered out; finished in 0.06s

     Running tests/version.rs (/workspace/symaira-daemon772-discovery-runtime/target/debug/deps/version-bdf73ea90c390b72)

running 5 tests
test adopted_version_renderers_preserve_fixture_bytes ... ok
test invalid_output_and_extra_arguments_match_go_contract ... ok
test structured_version_modes_match_go_contract ... ok
test version_text_matches_go_contract ... ok
test root_version_flags_match_go_contract ... ok

test result: ok. 5 passed; 0 failed; 0 ignored; 0 measured; 0 filtered out; finished in 0.05s

     Running unittests src/lib.rs (/workspace/symaira-daemon772-discovery-runtime/target/debug/deps/symbrowse_core-7fffe76ab078e5e2)

running 57 tests
test batch::tests::classification_matches_go_examples ... ok
test batch::tests::dry_run_plans_without_executing ... ok
test batch::tests::tokenizes_quoted_values_and_rejects_unbalanced_quotes ... ok
test batch::tests::decodes_json_and_plain_text_results ... ok
test batch::tests::failure_continues_or_bails_as_requested ... ok
test browser_state::tests::cookie_mutations_are_origin_scoped_and_sorted ... ok
test batch::tests::yaml_retains_go_struct_field_names_and_zero_values ... ok
test browser_state::tests::origins_reject_paths_and_non_http_schemes ... ok
test cache::tests::id_matches_go_little_endian_layout ... ok
test cache::tests::expired_entry_is_removed ... ok
test cache::tests::malformed_created_at_is_rejected ... ok
test cache::tests::missing_times_decode_as_go_zero_values ... ok
test config::selection_tests::selection_is_exhaustive_and_never_falls_back ... ok
test cache::tests::store_load_list_clear_round_trip ... ok
test cache::tests::ttl_disabled_lists_expired_metadata_without_purging ... ok
test flows::tests::rejects_multiple_actions_and_unknown_fields_with_lines ... ok
test flows::tests::parses_flow_and_plans_without_browser ... ok
test flows::tests::rejects_secret_literal ... ok
test injection::tests::custom_patterns_replace_embedded_patterns ... ok
test flows::tests::rejects_unknown_top_level_and_output_fields ... ok
test flows::tests::reports_nested_validation_on_the_step_line ... ok
test injection::tests::malformed_unclosed_tag_is_treated_as_text ... ok
test injection::tests::default_scan_covers_hidden_attributes_comments_meta_and_aria ... ok
test injection_boundary::tests::forged_marker_pair_stays_inside_content ... ok
test injection_boundary::tests::marker_round_trip ... ok
test injection::tests::numeric_entities_cannot_hide_patterns ... ok
test injection_boundary::tests::nonce_is_fresh_and_wrong_nonce_is_rejected ... ok
test journal::tests::redacts_nested_values_without_masking_names ... ok
test cache::tests::apply_fails_closed_and_stores_full_json ... ok
test key_sources::startup_discovery::godebug::tests::impossible_conditions_preserve_prior_rules_and_valid_nil_matchers ... ok
test key_sources::startup_discovery::godebug::tests::stack_selective_and_reported_patterns_are_not_a_silent_opt_in ... ok
test key_sources::startup_discovery::godebug::tests::suffixes_and_last_setting_keep_exact_quiet_universal_semantics ... ok
test key_sources::startup_discovery::godebug::tests::trie_assignment_preserves_mask_bits_for_every_width ... ok
test key_sources::startup_discovery::path::tests::unix_candidates_clean_lexically_without_losing_bytes ... ok
test key_sources::startup_discovery::tests::explicit_paths_preserve_raw_bytes_and_relative_separators ... ok
test key_sources::tests::etxtbsy_retry_does_not_extend_expired_deadline ... ok
test journal::tests::store_rejects_symlinks_and_preserves_concurrent_lines ... ok
test oob::tests::notification_argv_contains_no_secret_marker ... ok
test oob::tests::notification_reason_is_redacted_before_argv ... ok
test key_sources::tests::etxtbsy_spawn_is_retried_within_command_deadline ... ok
test policy::tests::mapped_ipv4_is_classified_as_private ... ok
test policy::tests::wildcard_is_boundary_safe ... ok
test profiles::tests::sorts_default_and_ignores_cache ... ok
test runner::tests::executes_steps_in_order_and_redacts_executor_errors ... ok
test runner::tests::final_negative_assertion_propagates_cancellation ... ok
test runner::tests::glob_match_preserves_path_segment_star ... ok
test runner::tests::missing_inputs_and_foreign_domains_stop_before_executor ... ok
test settings::tests::auth_references_are_validated_without_resolving_credentials ... ok
test settings::tests::rejects_credential_headers_and_invalid_coordinates ... ok
test state::tests::decrypt_rejects_oversized_ciphertext_before_authentication ... ok
test state::tests::fixed_nonce_vectors_match_go_bytes ... ok
test state::tests::validates_names_like_go ... ok
test trace::tests::replay_turns_auth_into_an_explicit_hard_stop ... ok
test trace::tests::skips_credentials_and_collects_deviation ... ok
test oob::tests::timeout_is_explicit_deny ... ok
test journal::tests::oversized_entry_is_rejected_before_write ... ok
test injection::tests::large_corpus_is_bounded_by_real_input_not_a_fixture_shortcut ... ok

test result: ok. 57 passed; 0 failed; 0 ignored; 0 measured; 0 filtered out; finished in 0.08s

     Running tests/config_contract.rs (/workspace/symaira-daemon772-discovery-runtime/target/debug/deps/config_contract-6578313cd21a3788)

running 3 tests
test config_show_omits_encryption_key_material ... ok
test config_precedence_matches_go ... ok
test config_validation_errors_match_go ... ok

test result: ok. 3 passed; 0 failed; 0 ignored; 0 measured; 0 filtered out; finished in 0.00s

     Running tests/hardening_properties.rs (/workspace/symaira-daemon772-discovery-runtime/target/debug/deps/hardening_properties-1dc14e829cb7012b)

running 5 tests
test private_ip_classifier_is_total ... ok
test allowlist_wildcards_respect_label_boundaries ... ok
test generated_state_names_are_accepted ... ok
test flow_parser_never_panics ... ok
test state_crypto_round_trips ... ok

test result: ok. 5 passed; 0 failed; 0 ignored; 0 measured; 0 filtered out; finished in 0.22s

     Running tests/injection_contract.rs (/workspace/symaira-daemon772-discovery-runtime/target/debug/deps/injection_contract-13bed7281fb507ef)

running 4 tests
test fixture_has_pinned_go_and_embedded_pattern_provenance ... ok
test boundary_fixture_preserves_content_and_rejects_spoof_markers ... ok
test default_and_custom_scans_match_go_warning_fixtures ... ok
test hundred_kib_corpus_matches_go_warning_fixture ... ok

test result: ok. 4 passed; 0 failed; 0 ignored; 0 measured; 0 filtered out; finished in 0.08s

     Running tests/key_resolver.rs (/workspace/symaira-daemon772-discovery-runtime/target/debug/deps/key_resolver-a48c82a870c384cd)

running 12 tests
test initialization_fails_closed_on_provisioning_error ... ok
test initialization_falls_back_to_one_time_environment_instruction ... ok
test initialization_never_rotates_an_existing_key ... ok
test initialization_matches_go_generated_fixture ... ok
test key_formats_match_go ... ok
test initialization_provisions_and_verifies_secure_providers ... ok
test outcomes_match_go_generated_resolution_fixture ... ok
test provider_failures_do_not_silently_fallback ... ok
test provider_precedence_and_absence_match_go ... ok
test successful_results_are_cached_and_invalidation_reprobes ... ok
test concurrent_initialization_creates_only_one_key ... ok
test concurrent_callers_share_one_in_flight_resolution ... ok

test result: ok. 12 passed; 0 failed; 0 ignored; 0 measured; 0 filtered out; finished in 0.03s

     Running tests/key_sources.rs (/workspace/symaira-daemon772-discovery-runtime/target/debug/deps/key_sources-cd4a38bb2ef19c19)

running 7 tests
test unix::malicious_output_is_rejected_without_disk_capture ... ok
test unix::interprocess_lock_prevents_vault_key_rotation ... ok
test unix::system_vault_output_flows_through_resolver ... ok
test unix::system_vault_exit_codes_preserve_fallback_semantics ... ok
test unix::vault_set_passes_key_only_through_stdin ... ok
test unix::descendant_holding_stdout_cannot_extend_timeout ... ok
test unix::command_timeout_is_bounded ... ok

test result: ok. 7 passed; 0 failed; 0 ignored; 0 measured; 0 filtered out; finished in 0.02s

     Running tests/output_budget_contract.rs (/workspace/symaira-daemon772-discovery-runtime/target/debug/deps/output_budget_contract-6a70edef915b6d9c)

running 5 tests
test budget_contract_matches_go ... ok
test error_taxonomy_matches_go ... ok
test fixture_provenance_is_pinned ... ok
test cache_files_from_go_are_readable ... ok
test output_bytes_match_go ... ok

test result: ok. 5 passed; 0 failed; 0 ignored; 0 measured; 0 filtered out; finished in 0.00s

     Running tests/policy_contract.rs (/workspace/symaira-daemon772-discovery-runtime/target/debug/deps/policy_contract-4d14ff4b578382f3)

running 6 tests
test every_go_classified_command_is_known ... ok
test ssrf_allow_private_is_explicit_opt_out ... ok
test risk_defaults_and_rules_match_go_generated_cases ... ok
test ssrf_matches_go_generated_cases_without_network ... ok
test allowlist_matches_go_generated_cases ... ok
test fixture_has_pinned_go_provenance ... ok

test result: ok. 6 passed; 0 failed; 0 ignored; 0 measured; 0 filtered out; finished in 0.00s

     Running tests/policy_guard.rs (/workspace/symaira-daemon772-discovery-runtime/target/debug/deps/policy_guard-05956fbb44bd77be)

running 2 tests
test unix::guard_receives_stdin_json_and_validates_verdict ... ok
test unix::guard_errors_fail_closed_and_timeout_is_bounded ... FAILED

failures:

---- unix::guard_errors_fail_closed_and_timeout_is_bounded stdout ----

thread 'unix::guard_errors_fail_closed_and_timeout_is_bounded' (3299313) panicked at crates/symbrowse-core/tests/policy_guard.rs:80:9:
assertion failed: error.to_string().contains("timed out")
note: run with `RUST_BACKTRACE=1` environment variable to display a backtrace


failures:
    unix::guard_errors_fail_closed_and_timeout_is_bounded

test result: FAILED. 1 passed; 1 failed; 0 ignored; 0 measured; 0 filtered out; finished in 0.02s

error: test failed, to rerun pass `-p symbrowse-core --test policy_guard`
