    Checking bitflags v2.13.1
    Checking linux-raw-sys v0.12.1
    Checking typenum v1.20.1
    Checking once_cell v1.21.4
    Checking serde_core v1.0.229
    Checking cfg-if v1.0.4
    Checking libc v0.2.189
    Checking rustix v1.1.4
    Checking generic-array v0.14.7
    Checking hashbrown v0.17.1
    Checking block-buffer v0.10.4
    Checking crypto-common v0.1.7
    Checking equivalent v1.0.2
    Checking subtle v2.6.1
    Checking digest v0.10.7
    Checking io-lifetimes v2.0.4
    Checking indexmap v2.14.2
    Checking io-lifetimes v3.0.1
    Checking itoa v1.0.18
    Checking winnow v1.0.4
    Checking serde v1.0.229
    Checking num-traits v0.2.19
    Checking toml_parser v1.1.3+spec-1.1.0
    Checking io-extras v0.19.0
    Checking zmij v1.0.23
    Checking getrandom v0.4.3
    Checking rustix-linux-procfs v0.1.1
    Checking fs-set-times v0.20.3
    Checking memchr v2.8.3
    Checking ambient-authority v0.0.2
    Checking toml_writer v1.1.2+spec-1.1.0
    Checking iana-time-zone v0.1.65
    Checking ipnet v2.12.2
    Checking maybe-owned v0.3.4
    Checking fastrand v2.5.0
    Checking toml_datetime v1.1.1+spec-1.1.0
    Checking tempfile v3.27.0
    Checking cap-primitives v4.0.3
    Checking toml_edit v0.25.13+spec-1.1.0
    Checking chrono v0.4.45
    Checking serde_json v1.0.151
    Checking cpufeatures v0.2.17
    Checking sha2 v0.10.9
    Checking cap-std v4.0.3
    Checking hmac v0.12.1
    Checking hkdf v0.12.4
    Checking cap-fs-ext v4.0.3
    Checking getrandom v0.3.3
    Checking base64 v0.22.1
    Checking unsafe-libyaml v0.2.11
   Compiling symguard-cli v0.12.1 (/workspace/symaira-guard770-diagnostics/rust/symguard-cli)
    Checking ryu v1.0.23
    Checking symbrain-core v0.12.1 (/workspace/symaira-guard770-diagnostics/rust/symbrain-core)
    Checking serde_yaml_ng v0.10.0
    Checking symbrain-guard-core v0.12.1 (/workspace/symaira-guard770-diagnostics/rust/symbrain-guard-core)
    Checking symbrain-audit v0.12.1 (/workspace/symaira-guard770-diagnostics/rust/symbrain-audit)
    Finished `dev` profile [unoptimized] target(s) in 4.81s
