/workspace/symaira-usage768-argv/target/debug/.fingerprint/symbrain-cli-de7aed6c9ea0b3fe/test-integration-test-doctor_modules
/workspace/symaira-usage768-argv/target/debug/.fingerprint/symbrain-cli-de7aed6c9ea0b3fe/test-integration-test-doctor_modules.json
/workspace/symaira-usage768-argv/target/debug/.fingerprint/symbrain-cli-de7aed6c9ea0b3fe/dep-test-integration-test-doctor_modules
/workspace/symaira-usage768-argv/target/debug/.fingerprint/symbrain-cli-de7aed6c9ea0b3fe/invoked.timestamp
/workspace/symaira-usage768-argv/target/debug/.fingerprint/symbrain-cli-de7aed6c9ea0b3fe
/workspace/symaira-usage768-argv/target/debug/.fingerprint/symbrain-cli-e6f0e7ff9818f573/dep-test-integration-test-sync_native
/workspace/symaira-usage768-argv/target/debug/.fingerprint/symbrain-cli-e6f0e7ff9818f573/test-integration-test-sync_native.json
/workspace/symaira-usage768-argv/target/debug/.fingerprint/symbrain-cli-e6f0e7ff9818f573/test-integration-test-sync_native
/workspace/symaira-usage768-argv/target/debug/.fingerprint/symbrain-cli-e6f0e7ff9818f573/invoked.timestamp
/workspace/symaira-usage768-argv/target/debug/.fingerprint/symbrain-cli-e6f0e7ff9818f573
/workspace/symaira-usage768-argv/target/debug/.fingerprint/symbrain-cli-b5f32363eb56c683/dep-test-integration-test-activity_cli_oracle_tests
/workspace/symaira-usage768-argv/target/debug/.fingerprint/symbrain-cli-b5f32363eb56c683/invoked.timestamp
/workspace/symaira-usage768-argv/target/debug/.fingerprint/symbrain-cli-b5f32363eb56c683/test-integration-test-activity_cli_oracle_tests.json
/workspace/symaira-usage768-argv/target/debug/.fingerprint/symbrain-cli-b5f32363eb56c683/test-integration-test-activity_cli_oracle_tests
/workspace/symaira-usage768-argv/target/debug/.fingerprint/symbrain-cli-b5f32363eb56c683
/workspace/symaira-usage768-argv/target/debug/.fingerprint/symbrain-cli-e641d9fd3dce902b/test-integration-test-doctor_native
/workspace/symaira-usage768-argv/target/debug/.fingerprint/symbrain-cli-e641d9fd3dce902b/test-integration-test-doctor_native.json
/workspace/symaira-usage768-argv/target/debug/.fingerprint/symbrain-cli-e641d9fd3dce902b/dep-test-integration-test-doctor_native
/workspace/symaira-usage768-argv/target/debug/.fingerprint/symbrain-cli-e641d9fd3dce902b/invoked.timestamp
/workspace/symaira-usage768-argv/target/debug/.fingerprint/symbrain-cli-e641d9fd3dce902b
/workspace/symaira-usage768-argv/target/debug/.fingerprint/symbrain-cli-5162ae6ba36f140a/test-integration-test-skills_doctor_native
/workspace/symaira-usage768-argv/target/debug/.fingerprint/symbrain-cli-5162ae6ba36f140a/dep-test-integration-test-skills_doctor_native
/workspace/symaira-usage768-argv/target/debug/.fingerprint/symbrain-cli-5162ae6ba36f140a/test-integration-test-skills_doctor_native.json
/workspace/symaira-usage768-argv/target/debug/.fingerprint/symbrain-cli-5162ae6ba36f140a/invoked.timestamp
/workspace/symaira-usage768-argv/target/debug/.fingerprint/symbrain-cli-5162ae6ba36f140a
/workspace/symaira-usage768-argv/target/debug/.fingerprint/symbrain-cli-e51096b2461340a9/test-integration-test-activity_validation_tests.json
/workspace/symaira-usage768-argv/target/debug/.fingerprint/symbrain-cli-e51096b2461340a9/test-integration-test-activity_validation_tests
/workspace/symaira-usage768-argv/target/debug/.fingerprint/symbrain-cli-e51096b2461340a9/invoked.timestamp
/workspace/symaira-usage768-argv/target/debug/.fingerprint/symbrain-cli-e51096b2461340a9/dep-test-integration-test-activity_validation_tests
/workspace/symaira-usage768-argv/target/debug/.fingerprint/symbrain-cli-e51096b2461340a9
/workspace/symaira-usage768-argv/target/debug/.fingerprint/symbrain-cli-a14862b25995a49b/test-bin-symbrain.json
/workspace/symaira-usage768-argv/target/debug/.fingerprint/symbrain-cli-a14862b25995a49b/dep-test-bin-symbrain
/workspace/symaira-usage768-argv/target/debug/.fingerprint/symbrain-cli-a14862b25995a49b/invoked.timestamp
/workspace/symaira-usage768-argv/target/debug/.fingerprint/symbrain-cli-a14862b25995a49b/test-bin-symbrain
/workspace/symaira-usage768-argv/target/debug/.fingerprint/symbrain-cli-a14862b25995a49b
/workspace/symaira-usage768-argv/target/debug/.fingerprint/symbrain-cli-3755874d25d99507/test-integration-test-harness_list_tests
/workspace/symaira-usage768-argv/target/debug/.fingerprint/symbrain-cli-3755874d25d99507/dep-test-integration-test-harness_list_tests
/workspace/symaira-usage768-argv/target/debug/.fingerprint/symbrain-cli-3755874d25d99507/invoked.timestamp
/workspace/symaira-usage768-argv/target/debug/.fingerprint/symbrain-cli-3755874d25d99507/test-integration-test-harness_list_tests.json
/workspace/symaira-usage768-argv/target/debug/.fingerprint/symbrain-cli-3755874d25d99507
/workspace/symaira-usage768-argv/target/debug/.fingerprint/symbrain-cli-ac103eb5e5450608/test-integration-test-setup_repair_native.json
/workspace/symaira-usage768-argv/target/debug/.fingerprint/symbrain-cli-ac103eb5e5450608/test-integration-test-setup_repair_native
/workspace/symaira-usage768-argv/target/debug/.fingerprint/symbrain-cli-ac103eb5e5450608/invoked.timestamp
/workspace/symaira-usage768-argv/target/debug/.fingerprint/symbrain-cli-ac103eb5e5450608/dep-test-integration-test-setup_repair_native
/workspace/symaira-usage768-argv/target/debug/.fingerprint/symbrain-cli-ac103eb5e5450608
/workspace/symaira-usage768-argv/target/debug/.fingerprint/symbrain-cli-ae997435e8e9fc5c/test-integration-test-init_cli_tests.json
/workspace/symaira-usage768-argv/target/debug/.fingerprint/symbrain-cli-ae997435e8e9fc5c/dep-test-integration-test-init_cli_tests
/workspace/symaira-usage768-argv/target/debug/.fingerprint/symbrain-cli-ae997435e8e9fc5c/invoked.timestamp
/workspace/symaira-usage768-argv/target/debug/.fingerprint/symbrain-cli-ae997435e8e9fc5c/test-integration-test-init_cli_tests
/workspace/symaira-usage768-argv/target/debug/.fingerprint/symbrain-cli-ae997435e8e9fc5c
/workspace/symaira-usage768-argv/target/debug/.fingerprint/symbrain-cli-f7a921ed0cb5ce21/test-integration-test-harness_list_tests
/workspace/symaira-usage768-argv/target/debug/.fingerprint/symbrain-cli-f7a921ed0cb5ce21/dep-test-integration-test-harness_list_tests
/workspace/symaira-usage768-argv/target/debug/.fingerprint/symbrain-cli-f7a921ed0cb5ce21/invoked.timestamp
/workspace/symaira-usage768-argv/target/debug/.fingerprint/symbrain-cli-f7a921ed0cb5ce21/test-integration-test-harness_list_tests.json
/workspace/symaira-usage768-argv/target/debug/.fingerprint/symbrain-cli-f7a921ed0cb5ce21
/workspace/symaira-usage768-argv/target/debug/.fingerprint/symbrain-cli-8efad0ef7dfe88a9/dep-test-integration-test-harness_health_tests
/workspace/symaira-usage768-argv/target/debug/.fingerprint/symbrain-cli-8efad0ef7dfe88a9/invoked.timestamp
/workspace/symaira-usage768-argv/target/debug/.fingerprint/symbrain-cli-8efad0ef7dfe88a9/test-integration-test-harness_health_tests.json
/workspace/symaira-usage768-argv/target/debug/.fingerprint/symbrain-cli-8efad0ef7dfe88a9/test-integration-test-harness_health_tests
/workspace/symaira-usage768-argv/target/debug/.fingerprint/symbrain-cli-8efad0ef7dfe88a9
/workspace/symaira-usage768-argv/target/debug/.fingerprint/symbrain-cli-04fd415955db0979/invoked.timestamp
/workspace/symaira-usage768-argv/target/debug/.fingerprint/symbrain-cli-04fd415955db0979/test-integration-test-guard_doctor_oracle_tests.json
/workspace/symaira-usage768-argv/target/debug/.fingerprint/symbrain-cli-04fd415955db0979/dep-test-integration-test-guard_doctor_oracle_tests
/workspace/symaira-usage768-argv/target/debug/.fingerprint/symbrain-cli-04fd415955db0979/test-integration-test-guard_doctor_oracle_tests
/workspace/symaira-usage768-argv/target/debug/.fingerprint/symbrain-cli-04fd415955db0979
/workspace/symaira-usage768-argv/target/debug/.fingerprint/symbrain-cli-3840af3711e2f487/test-integration-test-setup_fix_native
/workspace/symaira-usage768-argv/target/debug/.fingerprint/symbrain-cli-3840af3711e2f487/test-integration-test-setup_fix_native.json
/workspace/symaira-usage768-argv/target/debug/.fingerprint/symbrain-cli-3840af3711e2f487/dep-test-integration-test-setup_fix_native
/workspace/symaira-usage768-argv/target/debug/.fingerprint/symbrain-cli-3840af3711e2f487/invoked.timestamp
/workspace/symaira-usage768-argv/target/debug/.fingerprint/symbrain-cli-3840af3711e2f487
/workspace/symaira-usage768-argv/target/debug/.fingerprint/symbrain-cli-171021bfff1c584e/dep-test-integration-test-profile_cli_tests
/workspace/symaira-usage768-argv/target/debug/.fingerprint/symbrain-cli-171021bfff1c584e/test-integration-test-profile_cli_tests.json
/workspace/symaira-usage768-argv/target/debug/.fingerprint/symbrain-cli-171021bfff1c584e/invoked.timestamp
/workspace/symaira-usage768-argv/target/debug/.fingerprint/symbrain-cli-171021bfff1c584e/test-integration-test-profile_cli_tests
/workspace/symaira-usage768-argv/target/debug/.fingerprint/symbrain-cli-171021bfff1c584e
/workspace/symaira-usage768-argv/target/debug/.fingerprint/symbrain-cli-b74515acc4fb5d0d/test-integration-test-doctor_modules
/workspace/symaira-usage768-argv/target/debug/.fingerprint/symbrain-cli-b74515acc4fb5d0d/test-integration-test-doctor_modules.json
/workspace/symaira-usage768-argv/target/debug/.fingerprint/symbrain-cli-b74515acc4fb5d0d/dep-test-integration-test-doctor_modules
/workspace/symaira-usage768-argv/target/debug/.fingerprint/symbrain-cli-b74515acc4fb5d0d/invoked.timestamp
/workspace/symaira-usage768-argv/target/debug/.fingerprint/symbrain-cli-b74515acc4fb5d0d
/workspace/symaira-usage768-argv/target/debug/.fingerprint/symbrain-cli-34d0705f27e1023f/build-script-build-script-build
/workspace/symaira-usage768-argv/target/debug/.fingerprint/symbrain-cli-34d0705f27e1023f/build-script-build-script-build.json
/workspace/symaira-usage768-argv/target/debug/.fingerprint/symbrain-cli-34d0705f27e1023f/invoked.timestamp
/workspace/symaira-usage768-argv/target/debug/.fingerprint/symbrain-cli-34d0705f27e1023f/dep-build-script-build-script-build
/workspace/symaira-usage768-argv/target/debug/.fingerprint/symbrain-cli-34d0705f27e1023f
/workspace/symaira-usage768-argv/target/debug/.fingerprint/symbrain-cli-022e054c7d15dc29/dep-test-lib-symbrain_cli
/workspace/symaira-usage768-argv/target/debug/.fingerprint/symbrain-cli-022e054c7d15dc29/invoked.timestamp
/workspace/symaira-usage768-argv/target/debug/.fingerprint/symbrain-cli-022e054c7d15dc29/test-lib-symbrain_cli
/workspace/symaira-usage768-argv/target/debug/.fingerprint/symbrain-cli-022e054c7d15dc29/test-lib-symbrain_cli.json
/workspace/symaira-usage768-argv/target/debug/.fingerprint/symbrain-cli-022e054c7d15dc29
/workspace/symaira-usage768-argv/target/debug/.fingerprint/symbrain-cli-f2d011a4acc5ea3d/test-integration-test-skills_sync_legacy_roots.json
/workspace/symaira-usage768-argv/target/debug/.fingerprint/symbrain-cli-f2d011a4acc5ea3d/dep-test-integration-test-skills_sync_legacy_roots
/workspace/symaira-usage768-argv/target/debug/.fingerprint/symbrain-cli-f2d011a4acc5ea3d/test-integration-test-skills_sync_legacy_roots
/workspace/symaira-usage768-argv/target/debug/.fingerprint/symbrain-cli-f2d011a4acc5ea3d/invoked.timestamp
/workspace/symaira-usage768-argv/target/debug/.fingerprint/symbrain-cli-f2d011a4acc5ea3d
/workspace/symaira-usage768-argv/target/debug/.fingerprint/symbrain-cli-936a430ef8dd8a51/test-integration-test-harness_list_tests
/workspace/symaira-usage768-argv/target/debug/.fingerprint/symbrain-cli-936a430ef8dd8a51/dep-test-integration-test-harness_list_tests
/workspace/symaira-usage768-argv/target/debug/.fingerprint/symbrain-cli-936a430ef8dd8a51/invoked.timestamp
/workspace/symaira-usage768-argv/target/debug/.fingerprint/symbrain-cli-936a430ef8dd8a51/test-integration-test-harness_list_tests.json
/workspace/symaira-usage768-argv/target/debug/.fingerprint/symbrain-cli-936a430ef8dd8a51
/workspace/symaira-usage768-argv/target/debug/.fingerprint/symbrain-cli-d1b702d3765ac70b/test-integration-test-setup_repair_native.json
/workspace/symaira-usage768-argv/target/debug/.fingerprint/symbrain-cli-d1b702d3765ac70b/test-integration-test-setup_repair_native
/workspace/symaira-usage768-argv/target/debug/.fingerprint/symbrain-cli-d1b702d3765ac70b/invoked.timestamp
/workspace/symaira-usage768-argv/target/debug/.fingerprint/symbrain-cli-d1b702d3765ac70b/dep-test-integration-test-setup_repair_native
/workspace/symaira-usage768-argv/target/debug/.fingerprint/symbrain-cli-d1b702d3765ac70b
/workspace/symaira-usage768-argv/target/debug/.fingerprint/symbrain-cli-557ae9c2ec69d18f/test-integration-test-init_cli_tests.json
/workspace/symaira-usage768-argv/target/debug/.fingerprint/symbrain-cli-557ae9c2ec69d18f/dep-test-integration-test-init_cli_tests
/workspace/symaira-usage768-argv/target/debug/.fingerprint/symbrain-cli-557ae9c2ec69d18f/invoked.timestamp
/workspace/symaira-usage768-argv/target/debug/.fingerprint/symbrain-cli-557ae9c2ec69d18f/test-integration-test-init_cli_tests
/workspace/symaira-usage768-argv/target/debug/.fingerprint/symbrain-cli-557ae9c2ec69d18f
/workspace/symaira-usage768-argv/target/debug/.fingerprint/symbrain-cli-308439e84864e3f6/test-integration-test-cli_tree_tests
/workspace/symaira-usage768-argv/target/debug/.fingerprint/symbrain-cli-308439e84864e3f6/test-integration-test-cli_tree_tests.json
/workspace/symaira-usage768-argv/target/debug/.fingerprint/symbrain-cli-308439e84864e3f6/invoked.timestamp
/workspace/symaira-usage768-argv/target/debug/.fingerprint/symbrain-cli-308439e84864e3f6/dep-test-integration-test-cli_tree_tests
/workspace/symaira-usage768-argv/target/debug/.fingerprint/symbrain-cli-308439e84864e3f6
/workspace/symaira-usage768-argv/target/debug/.fingerprint/symbrain-cli-a7f1977838c08dab/test-integration-test-skills_log_native
/workspace/symaira-usage768-argv/target/debug/.fingerprint/symbrain-cli-a7f1977838c08dab/dep-test-integration-test-skills_log_native
/workspace/symaira-usage768-argv/target/debug/.fingerprint/symbrain-cli-a7f1977838c08dab/test-integration-test-skills_log_native.json
/workspace/symaira-usage768-argv/target/debug/.fingerprint/symbrain-cli-a7f1977838c08dab/invoked.timestamp
/workspace/symaira-usage768-argv/target/debug/.fingerprint/symbrain-cli-a7f1977838c08dab
/workspace/symaira-usage768-argv/target/debug/.fingerprint/symbrain-cli-8cf5ef2da91ff36d/test-integration-test-activity_validation_tests.json
/workspace/symaira-usage768-argv/target/debug/.fingerprint/symbrain-cli-8cf5ef2da91ff36d/test-integration-test-activity_validation_tests
/workspace/symaira-usage768-argv/target/debug/.fingerprint/symbrain-cli-8cf5ef2da91ff36d/invoked.timestamp
/workspace/symaira-usage768-argv/target/debug/.fingerprint/symbrain-cli-8cf5ef2da91ff36d/dep-test-integration-test-activity_validation_tests
/workspace/symaira-usage768-argv/target/debug/.fingerprint/symbrain-cli-8cf5ef2da91ff36d
/workspace/symaira-usage768-argv/target/debug/.fingerprint/symbrain-cli-66785a6b80d774c9/dep-test-integration-test-activity_cli_oracle_tests
/workspace/symaira-usage768-argv/target/debug/.fingerprint/symbrain-cli-66785a6b80d774c9/invoked.timestamp
/workspace/symaira-usage768-argv/target/debug/.fingerprint/symbrain-cli-66785a6b80d774c9/test-integration-test-activity_cli_oracle_tests.json
/workspace/symaira-usage768-argv/target/debug/.fingerprint/symbrain-cli-66785a6b80d774c9/test-integration-test-activity_cli_oracle_tests
/workspace/symaira-usage768-argv/target/debug/.fingerprint/symbrain-cli-66785a6b80d774c9
/workspace/symaira-usage768-argv/target/debug/.fingerprint/symbrain-cli-7f49d78426d2207f/test-integration-test-skills_list_native
/workspace/symaira-usage768-argv/target/debug/.fingerprint/symbrain-cli-7f49d78426d2207f/invoked.timestamp
/workspace/symaira-usage768-argv/target/debug/.fingerprint/symbrain-cli-7f49d78426d2207f/test-integration-test-skills_list_native.json
/workspace/symaira-usage768-argv/target/debug/.fingerprint/symbrain-cli-7f49d78426d2207f/dep-test-integration-test-skills_list_native
/workspace/symaira-usage768-argv/target/debug/.fingerprint/symbrain-cli-7f49d78426d2207f
/workspace/symaira-usage768-argv/target/debug/.fingerprint/symbrain-cli-9478cb37e2010dc1/test-integration-test-skills_doctor_native
/workspace/symaira-usage768-argv/target/debug/.fingerprint/symbrain-cli-9478cb37e2010dc1/dep-test-integration-test-skills_doctor_native
/workspace/symaira-usage768-argv/target/debug/.fingerprint/symbrain-cli-9478cb37e2010dc1/test-integration-test-skills_doctor_native.json
/workspace/symaira-usage768-argv/target/debug/.fingerprint/symbrain-cli-9478cb37e2010dc1/invoked.timestamp
/workspace/symaira-usage768-argv/target/debug/.fingerprint/symbrain-cli-9478cb37e2010dc1
/workspace/symaira-usage768-argv/target/debug/.fingerprint/symbrain-cli-96896530bb84b89d/test-integration-test-skills_status_opencode_tests.json
/workspace/symaira-usage768-argv/target/debug/.fingerprint/symbrain-cli-96896530bb84b89d/dep-test-integration-test-skills_status_opencode_tests
/workspace/symaira-usage768-argv/target/debug/.fingerprint/symbrain-cli-96896530bb84b89d/test-integration-test-skills_status_opencode_tests
/workspace/symaira-usage768-argv/target/debug/.fingerprint/symbrain-cli-96896530bb84b89d/invoked.timestamp
/workspace/symaira-usage768-argv/target/debug/.fingerprint/symbrain-cli-96896530bb84b89d
/workspace/symaira-usage768-argv/target/debug/.fingerprint/symbrain-cli-40074e46863a5296/test-integration-test-skills_doctor_native
/workspace/symaira-usage768-argv/target/debug/.fingerprint/symbrain-cli-40074e46863a5296/dep-test-integration-test-skills_doctor_native
/workspace/symaira-usage768-argv/target/debug/.fingerprint/symbrain-cli-40074e46863a5296/test-integration-test-skills_doctor_native.json
/workspace/symaira-usage768-argv/target/debug/.fingerprint/symbrain-cli-40074e46863a5296/invoked.timestamp
/workspace/symaira-usage768-argv/target/debug/.fingerprint/symbrain-cli-40074e46863a5296
/workspace/symaira-usage768-argv/target/debug/.fingerprint/symbrain-cli-a0ae46ce8d7e5537/test-integration-test-setup_repair_native.json
/workspace/symaira-usage768-argv/target/debug/.fingerprint/symbrain-cli-a0ae46ce8d7e5537/test-integration-test-setup_repair_native
/workspace/symaira-usage768-argv/target/debug/.fingerprint/symbrain-cli-a0ae46ce8d7e5537/invoked.timestamp
/workspace/symaira-usage768-argv/target/debug/.fingerprint/symbrain-cli-a0ae46ce8d7e5537/dep-test-integration-test-setup_repair_native
/workspace/symaira-usage768-argv/target/debug/.fingerprint/symbrain-cli-a0ae46ce8d7e5537
/workspace/symaira-usage768-argv/target/debug/.fingerprint/symbrain-cli-279626654f1f458b/test-integration-test-skills_doctor_native
/workspace/symaira-usage768-argv/target/debug/.fingerprint/symbrain-cli-279626654f1f458b/dep-test-integration-test-skills_doctor_native
/workspace/symaira-usage768-argv/target/debug/.fingerprint/symbrain-cli-279626654f1f458b/test-integration-test-skills_doctor_native.json
/workspace/symaira-usage768-argv/target/debug/.fingerprint/symbrain-cli-279626654f1f458b/invoked.timestamp
/workspace/symaira-usage768-argv/target/debug/.fingerprint/symbrain-cli-279626654f1f458b
/workspace/symaira-usage768-argv/target/debug/.fingerprint/symbrain-cli-04802a5619f42420/dep-test-integration-test-harness_health_tests
/workspace/symaira-usage768-argv/target/debug/.fingerprint/symbrain-cli-04802a5619f42420/invoked.timestamp
/workspace/symaira-usage768-argv/target/debug/.fingerprint/symbrain-cli-04802a5619f42420/test-integration-test-harness_health_tests.json
/workspace/symaira-usage768-argv/target/debug/.fingerprint/symbrain-cli-04802a5619f42420/test-integration-test-harness_health_tests
/workspace/symaira-usage768-argv/target/debug/.fingerprint/symbrain-cli-04802a5619f42420
/workspace/symaira-usage768-argv/target/debug/.fingerprint/symbrain-cli-672d0be2b0d6e56d/run-build-script-build-script-build
/workspace/symaira-usage768-argv/target/debug/.fingerprint/symbrain-cli-672d0be2b0d6e56d/run-build-script-build-script-build.json
/workspace/symaira-usage768-argv/target/debug/.fingerprint/symbrain-cli-672d0be2b0d6e56d
/workspace/symaira-usage768-argv/target/debug/.fingerprint/symbrain-cli-a470fbd64b0a265b/test-integration-test-guard_decide_raw_bytes.json
/workspace/symaira-usage768-argv/target/debug/.fingerprint/symbrain-cli-a470fbd64b0a265b/dep-test-integration-test-guard_decide_raw_bytes
/workspace/symaira-usage768-argv/target/debug/.fingerprint/symbrain-cli-a470fbd64b0a265b/test-integration-test-guard_decide_raw_bytes
/workspace/symaira-usage768-argv/target/debug/.fingerprint/symbrain-cli-a470fbd64b0a265b/invoked.timestamp
/workspace/symaira-usage768-argv/target/debug/.fingerprint/symbrain-cli-a470fbd64b0a265b
/workspace/symaira-usage768-argv/target/debug/.fingerprint/symbrain-cli-3f114ef9cfdfee23/dep-lib-symbrain_cli
/workspace/symaira-usage768-argv/target/debug/.fingerprint/symbrain-cli-3f114ef9cfdfee23/invoked.timestamp
/workspace/symaira-usage768-argv/target/debug/.fingerprint/symbrain-cli-3f114ef9cfdfee23/lib-symbrain_cli
/workspace/symaira-usage768-argv/target/debug/.fingerprint/symbrain-cli-3f114ef9cfdfee23/lib-symbrain_cli.json
/workspace/symaira-usage768-argv/target/debug/.fingerprint/symbrain-cli-3f114ef9cfdfee23
/workspace/symaira-usage768-argv/target/debug/.fingerprint/symbrain-cli-dce47285b43e0f75/bin-symbrain
/workspace/symaira-usage768-argv/target/debug/.fingerprint/symbrain-cli-dce47285b43e0f75/dep-bin-symbrain
/workspace/symaira-usage768-argv/target/debug/.fingerprint/symbrain-cli-dce47285b43e0f75/bin-symbrain.json
/workspace/symaira-usage768-argv/target/debug/.fingerprint/symbrain-cli-dce47285b43e0f75/invoked.timestamp
/workspace/symaira-usage768-argv/target/debug/.fingerprint/symbrain-cli-dce47285b43e0f75
/workspace/symaira-usage768-argv/target/debug/.fingerprint/symbrain-cli-f8e63441eaf78c02/test-integration-test-setup_fix_native
/workspace/symaira-usage768-argv/target/debug/.fingerprint/symbrain-cli-f8e63441eaf78c02/test-integration-test-setup_fix_native.json
/workspace/symaira-usage768-argv/target/debug/.fingerprint/symbrain-cli-f8e63441eaf78c02/dep-test-integration-test-setup_fix_native
/workspace/symaira-usage768-argv/target/debug/.fingerprint/symbrain-cli-f8e63441eaf78c02/invoked.timestamp
/workspace/symaira-usage768-argv/target/debug/.fingerprint/symbrain-cli-f8e63441eaf78c02
/workspace/symaira-usage768-argv/target/debug/.fingerprint/symbrain-cli-19d7935a84882cfe/test-integration-test-cli_tree_tests
/workspace/symaira-usage768-argv/target/debug/.fingerprint/symbrain-cli-19d7935a84882cfe/test-integration-test-cli_tree_tests.json
/workspace/symaira-usage768-argv/target/debug/.fingerprint/symbrain-cli-19d7935a84882cfe/invoked.timestamp
/workspace/symaira-usage768-argv/target/debug/.fingerprint/symbrain-cli-19d7935a84882cfe/dep-test-integration-test-cli_tree_tests
/workspace/symaira-usage768-argv/target/debug/.fingerprint/symbrain-cli-19d7935a84882cfe
/workspace/symaira-usage768-argv/target/debug/.fingerprint/symbrain-cli-c1044659f17659c5/invoked.timestamp
/workspace/symaira-usage768-argv/target/debug/.fingerprint/symbrain-cli-c1044659f17659c5/test-integration-test-guard_doctor_oracle_tests.json
/workspace/symaira-usage768-argv/target/debug/.fingerprint/symbrain-cli-c1044659f17659c5/dep-test-integration-test-guard_doctor_oracle_tests
/workspace/symaira-usage768-argv/target/debug/.fingerprint/symbrain-cli-c1044659f17659c5/test-integration-test-guard_doctor_oracle_tests
/workspace/symaira-usage768-argv/target/debug/.fingerprint/symbrain-cli-c1044659f17659c5
/workspace/symaira-usage768-argv/target/debug/.fingerprint/symbrain-cli-964bb34e74ba5927/test-integration-test-skills_log_native
/workspace/symaira-usage768-argv/target/debug/.fingerprint/symbrain-cli-964bb34e74ba5927/dep-test-integration-test-skills_log_native
/workspace/symaira-usage768-argv/target/debug/.fingerprint/symbrain-cli-964bb34e74ba5927/test-integration-test-skills_log_native.json
/workspace/symaira-usage768-argv/target/debug/.fingerprint/symbrain-cli-964bb34e74ba5927/invoked.timestamp
/workspace/symaira-usage768-argv/target/debug/.fingerprint/symbrain-cli-964bb34e74ba5927
/workspace/symaira-usage768-argv/target/debug/.fingerprint/symbrain-cli-0670e3f092eff2cb/dep-test-integration-test-profile_cli_tests
/workspace/symaira-usage768-argv/target/debug/.fingerprint/symbrain-cli-0670e3f092eff2cb/test-integration-test-profile_cli_tests.json
/workspace/symaira-usage768-argv/target/debug/.fingerprint/symbrain-cli-0670e3f092eff2cb/invoked.timestamp
/workspace/symaira-usage768-argv/target/debug/.fingerprint/symbrain-cli-0670e3f092eff2cb/test-integration-test-profile_cli_tests
/workspace/symaira-usage768-argv/target/debug/.fingerprint/symbrain-cli-0670e3f092eff2cb
/workspace/symaira-usage768-argv/target/debug/.fingerprint/symbrain-cli-7aed4e504d969571/test-integration-test-vault_admin_native
/workspace/symaira-usage768-argv/target/debug/.fingerprint/symbrain-cli-7aed4e504d969571/test-integration-test-vault_admin_native.json
/workspace/symaira-usage768-argv/target/debug/.fingerprint/symbrain-cli-7aed4e504d969571/invoked.timestamp
/workspace/symaira-usage768-argv/target/debug/.fingerprint/symbrain-cli-7aed4e504d969571/dep-test-integration-test-vault_admin_native
/workspace/symaira-usage768-argv/target/debug/.fingerprint/symbrain-cli-7aed4e504d969571
/workspace/symaira-usage768-argv/target/debug/.fingerprint/symbrain-cli-81d1cea3e3befc78/bin-symbrain
/workspace/symaira-usage768-argv/target/debug/.fingerprint/symbrain-cli-81d1cea3e3befc78/dep-bin-symbrain
/workspace/symaira-usage768-argv/target/debug/.fingerprint/symbrain-cli-81d1cea3e3befc78/bin-symbrain.json
/workspace/symaira-usage768-argv/target/debug/.fingerprint/symbrain-cli-81d1cea3e3befc78/invoked.timestamp
/workspace/symaira-usage768-argv/target/debug/.fingerprint/symbrain-cli-81d1cea3e3befc78
/workspace/symaira-usage768-argv/target/debug/.fingerprint/symbrain-cli-d010e92018bb4fc4/invoked.timestamp
/workspace/symaira-usage768-argv/target/debug/.fingerprint/symbrain-cli-d010e92018bb4fc4/test-integration-test-guard_doctor_oracle_tests.json
/workspace/symaira-usage768-argv/target/debug/.fingerprint/symbrain-cli-d010e92018bb4fc4/dep-test-integration-test-guard_doctor_oracle_tests
/workspace/symaira-usage768-argv/target/debug/.fingerprint/symbrain-cli-d010e92018bb4fc4/test-integration-test-guard_doctor_oracle_tests
/workspace/symaira-usage768-argv/target/debug/.fingerprint/symbrain-cli-d010e92018bb4fc4
/workspace/symaira-usage768-argv/target/debug/.fingerprint/symbrain-cli-df4522a1402c6a51/dep-test-integration-test-activity_cli_oracle_tests
/workspace/symaira-usage768-argv/target/debug/.fingerprint/symbrain-cli-df4522a1402c6a51/invoked.timestamp
/workspace/symaira-usage768-argv/target/debug/.fingerprint/symbrain-cli-df4522a1402c6a51/test-integration-test-activity_cli_oracle_tests.json
/workspace/symaira-usage768-argv/target/debug/.fingerprint/symbrain-cli-df4522a1402c6a51/test-integration-test-activity_cli_oracle_tests
/workspace/symaira-usage768-argv/target/debug/.fingerprint/symbrain-cli-df4522a1402c6a51
/workspace/symaira-usage768-argv/target/debug/.fingerprint/symbrain-cli-e74c0f90f2044ac8/dep-test-integration-test-guard_oracle_grants
/workspace/symaira-usage768-argv/target/debug/.fingerprint/symbrain-cli-e74c0f90f2044ac8/test-integration-test-guard_oracle_grants
/workspace/symaira-usage768-argv/target/debug/.fingerprint/symbrain-cli-e74c0f90f2044ac8/invoked.timestamp
/workspace/symaira-usage768-argv/target/debug/.fingerprint/symbrain-cli-e74c0f90f2044ac8/test-integration-test-guard_oracle_grants.json
/workspace/symaira-usage768-argv/target/debug/.fingerprint/symbrain-cli-e74c0f90f2044ac8
/workspace/symaira-usage768-argv/target/debug/.fingerprint/symbrain-cli-632ecaa7a8cb6628/test-integration-test-vault_admin_native
/workspace/symaira-usage768-argv/target/debug/.fingerprint/symbrain-cli-632ecaa7a8cb6628/test-integration-test-vault_admin_native.json
/workspace/symaira-usage768-argv/target/debug/.fingerprint/symbrain-cli-632ecaa7a8cb6628/invoked.timestamp
/workspace/symaira-usage768-argv/target/debug/.fingerprint/symbrain-cli-632ecaa7a8cb6628/dep-test-integration-test-vault_admin_native
/workspace/symaira-usage768-argv/target/debug/.fingerprint/symbrain-cli-632ecaa7a8cb6628
/workspace/symaira-usage768-argv/target/debug/.fingerprint/symbrain-cli-9df19240671cf3b0/dep-test-integration-test-sync_native
/workspace/symaira-usage768-argv/target/debug/.fingerprint/symbrain-cli-9df19240671cf3b0/test-integration-test-sync_native.json
/workspace/symaira-usage768-argv/target/debug/.fingerprint/symbrain-cli-9df19240671cf3b0/test-integration-test-sync_native
/workspace/symaira-usage768-argv/target/debug/.fingerprint/symbrain-cli-9df19240671cf3b0/invoked.timestamp
/workspace/symaira-usage768-argv/target/debug/.fingerprint/symbrain-cli-9df19240671cf3b0
/workspace/symaira-usage768-argv/target/debug/.fingerprint/symbrain-cli-2ee3cde93f268f62/test-bin-symbrain.json
/workspace/symaira-usage768-argv/target/debug/.fingerprint/symbrain-cli-2ee3cde93f268f62/dep-test-bin-symbrain
/workspace/symaira-usage768-argv/target/debug/.fingerprint/symbrain-cli-2ee3cde93f268f62/invoked.timestamp
/workspace/symaira-usage768-argv/target/debug/.fingerprint/symbrain-cli-2ee3cde93f268f62/test-bin-symbrain
/workspace/symaira-usage768-argv/target/debug/.fingerprint/symbrain-cli-2ee3cde93f268f62
/workspace/symaira-usage768-argv/target/debug/.fingerprint/symbrain-cli-29729099236c6b08/run-build-script-build-script-build
/workspace/symaira-usage768-argv/target/debug/.fingerprint/symbrain-cli-29729099236c6b08/run-build-script-build-script-build.json
/workspace/symaira-usage768-argv/target/debug/.fingerprint/symbrain-cli-29729099236c6b08
/workspace/symaira-usage768-argv/target/debug/.fingerprint/symbrain-cli-3bd99f4836667d75/dep-lib-symbrain_cli
/workspace/symaira-usage768-argv/target/debug/.fingerprint/symbrain-cli-3bd99f4836667d75/invoked.timestamp
/workspace/symaira-usage768-argv/target/debug/.fingerprint/symbrain-cli-3bd99f4836667d75/lib-symbrain_cli
/workspace/symaira-usage768-argv/target/debug/.fingerprint/symbrain-cli-3bd99f4836667d75/lib-symbrain_cli.json
/workspace/symaira-usage768-argv/target/debug/.fingerprint/symbrain-cli-3bd99f4836667d75
/workspace/symaira-usage768-argv/target/debug/.fingerprint/symbrain-cli-bbf8fc3cd51538c0/dep-test-integration-test-harness_health_tests
/workspace/symaira-usage768-argv/target/debug/.fingerprint/symbrain-cli-bbf8fc3cd51538c0/invoked.timestamp
/workspace/symaira-usage768-argv/target/debug/.fingerprint/symbrain-cli-bbf8fc3cd51538c0/test-integration-test-harness_health_tests.json
/workspace/symaira-usage768-argv/target/debug/.fingerprint/symbrain-cli-bbf8fc3cd51538c0/test-integration-test-harness_health_tests
/workspace/symaira-usage768-argv/target/debug/.fingerprint/symbrain-cli-bbf8fc3cd51538c0
/workspace/symaira-usage768-argv/target/debug/.fingerprint/symbrain-cli-edee731ad89c85ff/test-integration-test-skills_log_native
/workspace/symaira-usage768-argv/target/debug/.fingerprint/symbrain-cli-edee731ad89c85ff/dep-test-integration-test-skills_log_native
/workspace/symaira-usage768-argv/target/debug/.fingerprint/symbrain-cli-edee731ad89c85ff/test-integration-test-skills_log_native.json
/workspace/symaira-usage768-argv/target/debug/.fingerprint/symbrain-cli-edee731ad89c85ff/invoked.timestamp
/workspace/symaira-usage768-argv/target/debug/.fingerprint/symbrain-cli-edee731ad89c85ff
/workspace/symaira-usage768-argv/target/debug/.fingerprint/symbrain-cli-bac2a37205a72171/dep-test-integration-test-guard_oracle_grants
/workspace/symaira-usage768-argv/target/debug/.fingerprint/symbrain-cli-bac2a37205a72171/test-integration-test-guard_oracle_grants
/workspace/symaira-usage768-argv/target/debug/.fingerprint/symbrain-cli-bac2a37205a72171/invoked.timestamp
/workspace/symaira-usage768-argv/target/debug/.fingerprint/symbrain-cli-bac2a37205a72171/test-integration-test-guard_oracle_grants.json
/workspace/symaira-usage768-argv/target/debug/.fingerprint/symbrain-cli-bac2a37205a72171
/workspace/symaira-usage768-argv/target/debug/.fingerprint/symbrain-cli-40c8a810b6e92d4d/test-integration-test-install_oracle_tests
/workspace/symaira-usage768-argv/target/debug/.fingerprint/symbrain-cli-40c8a810b6e92d4d/dep-test-integration-test-install_oracle_tests
/workspace/symaira-usage768-argv/target/debug/.fingerprint/symbrain-cli-40c8a810b6e92d4d/invoked.timestamp
/workspace/symaira-usage768-argv/target/debug/.fingerprint/symbrain-cli-40c8a810b6e92d4d/test-integration-test-install_oracle_tests.json
/workspace/symaira-usage768-argv/target/debug/.fingerprint/symbrain-cli-40c8a810b6e92d4d
/workspace/symaira-usage768-argv/target/debug/.fingerprint/symbrain-cli-ef84105930ed80c2/test-integration-test-skills_status_opencode_tests.json
/workspace/symaira-usage768-argv/target/debug/.fingerprint/symbrain-cli-ef84105930ed80c2/dep-test-integration-test-skills_status_opencode_tests
/workspace/symaira-usage768-argv/target/debug/.fingerprint/symbrain-cli-ef84105930ed80c2/test-integration-test-skills_status_opencode_tests
/workspace/symaira-usage768-argv/target/debug/.fingerprint/symbrain-cli-ef84105930ed80c2/invoked.timestamp
/workspace/symaira-usage768-argv/target/debug/.fingerprint/symbrain-cli-ef84105930ed80c2
/workspace/symaira-usage768-argv/target/debug/.fingerprint/symbrain-cli-dd0f2a2cb55b54b4/build-script-build-script-build
/workspace/symaira-usage768-argv/target/debug/.fingerprint/symbrain-cli-dd0f2a2cb55b54b4/build-script-build-script-build.json
/workspace/symaira-usage768-argv/target/debug/.fingerprint/symbrain-cli-dd0f2a2cb55b54b4/invoked.timestamp
/workspace/symaira-usage768-argv/target/debug/.fingerprint/symbrain-cli-dd0f2a2cb55b54b4/dep-build-script-build-script-build
/workspace/symaira-usage768-argv/target/debug/.fingerprint/symbrain-cli-dd0f2a2cb55b54b4
/workspace/symaira-usage768-argv/target/debug/.fingerprint/symbrain-cli-1c45f43d63d48d79/test-integration-test-setup_fix_native
/workspace/symaira-usage768-argv/target/debug/.fingerprint/symbrain-cli-1c45f43d63d48d79/test-integration-test-setup_fix_native.json
/workspace/symaira-usage768-argv/target/debug/.fingerprint/symbrain-cli-1c45f43d63d48d79/dep-test-integration-test-setup_fix_native
/workspace/symaira-usage768-argv/target/debug/.fingerprint/symbrain-cli-1c45f43d63d48d79/invoked.timestamp
/workspace/symaira-usage768-argv/target/debug/.fingerprint/symbrain-cli-1c45f43d63d48d79
/workspace/symaira-usage768-argv/target/debug/.fingerprint/symbrain-cli-595959e8b1b52346/test-integration-test-guard_decide_adapter.json
/workspace/symaira-usage768-argv/target/debug/.fingerprint/symbrain-cli-595959e8b1b52346/test-integration-test-guard_decide_adapter
/workspace/symaira-usage768-argv/target/debug/.fingerprint/symbrain-cli-595959e8b1b52346/invoked.timestamp
/workspace/symaira-usage768-argv/target/debug/.fingerprint/symbrain-cli-595959e8b1b52346/dep-test-integration-test-guard_decide_adapter
/workspace/symaira-usage768-argv/target/debug/.fingerprint/symbrain-cli-595959e8b1b52346
/workspace/symaira-usage768-argv/target/debug/.fingerprint/symbrain-cli-0844875af2cd8506/dep-test-integration-test-harness_health_tests
/workspace/symaira-usage768-argv/target/debug/.fingerprint/symbrain-cli-0844875af2cd8506/invoked.timestamp
/workspace/symaira-usage768-argv/target/debug/.fingerprint/symbrain-cli-0844875af2cd8506/test-integration-test-harness_health_tests.json
/workspace/symaira-usage768-argv/target/debug/.fingerprint/symbrain-cli-0844875af2cd8506/test-integration-test-harness_health_tests
/workspace/symaira-usage768-argv/target/debug/.fingerprint/symbrain-cli-0844875af2cd8506
/workspace/symaira-usage768-argv/target/debug/.fingerprint/symbrain-cli-066ca67cc3d68141/test-integration-test-skills_targets_native.json
/workspace/symaira-usage768-argv/target/debug/.fingerprint/symbrain-cli-066ca67cc3d68141/test-integration-test-skills_targets_native
/workspace/symaira-usage768-argv/target/debug/.fingerprint/symbrain-cli-066ca67cc3d68141/dep-test-integration-test-skills_targets_native
/workspace/symaira-usage768-argv/target/debug/.fingerprint/symbrain-cli-066ca67cc3d68141/invoked.timestamp
/workspace/symaira-usage768-argv/target/debug/.fingerprint/symbrain-cli-066ca67cc3d68141
/workspace/symaira-usage768-argv/target/debug/.fingerprint/symbrain-cli-422758f7f47ba7f7/test-integration-test-cli_tree_tests
/workspace/symaira-usage768-argv/target/debug/.fingerprint/symbrain-cli-422758f7f47ba7f7/test-integration-test-cli_tree_tests.json
/workspace/symaira-usage768-argv/target/debug/.fingerprint/symbrain-cli-422758f7f47ba7f7/invoked.timestamp
/workspace/symaira-usage768-argv/target/debug/.fingerprint/symbrain-cli-422758f7f47ba7f7/dep-test-integration-test-cli_tree_tests
/workspace/symaira-usage768-argv/target/debug/.fingerprint/symbrain-cli-422758f7f47ba7f7
/workspace/symaira-usage768-argv/target/debug/.fingerprint/symbrain-cli-61ad92eb348422b5/test-integration-test-guard_decide_raw_bytes.json
/workspace/symaira-usage768-argv/target/debug/.fingerprint/symbrain-cli-61ad92eb348422b5/dep-test-integration-test-guard_decide_raw_bytes
/workspace/symaira-usage768-argv/target/debug/.fingerprint/symbrain-cli-61ad92eb348422b5/test-integration-test-guard_decide_raw_bytes
/workspace/symaira-usage768-argv/target/debug/.fingerprint/symbrain-cli-61ad92eb348422b5/invoked.timestamp
/workspace/symaira-usage768-argv/target/debug/.fingerprint/symbrain-cli-61ad92eb348422b5
/workspace/symaira-usage768-argv/target/debug/.fingerprint/symbrain-cli-786430835c1e41b3/test-integration-test-setup_fix_native
/workspace/symaira-usage768-argv/target/debug/.fingerprint/symbrain-cli-786430835c1e41b3/test-integration-test-setup_fix_native.json
/workspace/symaira-usage768-argv/target/debug/.fingerprint/symbrain-cli-786430835c1e41b3/dep-test-integration-test-setup_fix_native
/workspace/symaira-usage768-argv/target/debug/.fingerprint/symbrain-cli-786430835c1e41b3/invoked.timestamp
/workspace/symaira-usage768-argv/target/debug/.fingerprint/symbrain-cli-786430835c1e41b3
/workspace/symaira-usage768-argv/target/debug/.fingerprint/symbrain-cli-9a0c1d60fb8b1821/dep-test-lib-symbrain_cli
/workspace/symaira-usage768-argv/target/debug/.fingerprint/symbrain-cli-9a0c1d60fb8b1821/invoked.timestamp
/workspace/symaira-usage768-argv/target/debug/.fingerprint/symbrain-cli-9a0c1d60fb8b1821/test-lib-symbrain_cli
/workspace/symaira-usage768-argv/target/debug/.fingerprint/symbrain-cli-9a0c1d60fb8b1821/test-lib-symbrain_cli.json
/workspace/symaira-usage768-argv/target/debug/.fingerprint/symbrain-cli-9a0c1d60fb8b1821
/workspace/symaira-usage768-argv/target/debug/.fingerprint/symbrain-cli-b5df602efa94f772/test-bin-symbrain.json
/workspace/symaira-usage768-argv/target/debug/.fingerprint/symbrain-cli-b5df602efa94f772/dep-test-bin-symbrain
/workspace/symaira-usage768-argv/target/debug/.fingerprint/symbrain-cli-b5df602efa94f772/invoked.timestamp
/workspace/symaira-usage768-argv/target/debug/.fingerprint/symbrain-cli-b5df602efa94f772/test-bin-symbrain
/workspace/symaira-usage768-argv/target/debug/.fingerprint/symbrain-cli-b5df602efa94f772
/workspace/symaira-usage768-argv/target/debug/.fingerprint/symbrain-cli-e721b210868496a0/test-integration-test-skills_list_native
/workspace/symaira-usage768-argv/target/debug/.fingerprint/symbrain-cli-e721b210868496a0/invoked.timestamp
/workspace/symaira-usage768-argv/target/debug/.fingerprint/symbrain-cli-e721b210868496a0/test-integration-test-skills_list_native.json
/workspace/symaira-usage768-argv/target/debug/.fingerprint/symbrain-cli-e721b210868496a0/dep-test-integration-test-skills_list_native
/workspace/symaira-usage768-argv/target/debug/.fingerprint/symbrain-cli-e721b210868496a0
/workspace/symaira-usage768-argv/target/debug/.fingerprint/symbrain-cli-d69f522949bb1307/test-integration-test-mcp_cli_tests
/workspace/symaira-usage768-argv/target/debug/.fingerprint/symbrain-cli-d69f522949bb1307/test-integration-test-mcp_cli_tests.json
/workspace/symaira-usage768-argv/target/debug/.fingerprint/symbrain-cli-d69f522949bb1307/dep-test-integration-test-mcp_cli_tests
/workspace/symaira-usage768-argv/target/debug/.fingerprint/symbrain-cli-d69f522949bb1307/invoked.timestamp
/workspace/symaira-usage768-argv/target/debug/.fingerprint/symbrain-cli-d69f522949bb1307
/workspace/symaira-usage768-argv/target/debug/.fingerprint/symbrain-cli-0a2ce0d14184b5b4/dep-lib-symbrain_cli
/workspace/symaira-usage768-argv/target/debug/.fingerprint/symbrain-cli-0a2ce0d14184b5b4/invoked.timestamp
/workspace/symaira-usage768-argv/target/debug/.fingerprint/symbrain-cli-0a2ce0d14184b5b4/lib-symbrain_cli
/workspace/symaira-usage768-argv/target/debug/.fingerprint/symbrain-cli-0a2ce0d14184b5b4/lib-symbrain_cli.json
/workspace/symaira-usage768-argv/target/debug/.fingerprint/symbrain-cli-0a2ce0d14184b5b4
/workspace/symaira-usage768-argv/target/debug/.fingerprint/symbrain-cli-6e74120dc12eb402/test-bin-symbrain.json
/workspace/symaira-usage768-argv/target/debug/.fingerprint/symbrain-cli-6e74120dc12eb402/dep-test-bin-symbrain
/workspace/symaira-usage768-argv/target/debug/.fingerprint/symbrain-cli-6e74120dc12eb402/invoked.timestamp
/workspace/symaira-usage768-argv/target/debug/.fingerprint/symbrain-cli-6e74120dc12eb402/test-bin-symbrain
/workspace/symaira-usage768-argv/target/debug/.fingerprint/symbrain-cli-6e74120dc12eb402
/workspace/symaira-usage768-argv/target/debug/.fingerprint/symbrain-cli-30abb581a8b58b77/test-integration-test-doctor_modules
/workspace/symaira-usage768-argv/target/debug/.fingerprint/symbrain-cli-30abb581a8b58b77/test-integration-test-doctor_modules.json
/workspace/symaira-usage768-argv/target/debug/.fingerprint/symbrain-cli-30abb581a8b58b77/dep-test-integration-test-doctor_modules
/workspace/symaira-usage768-argv/target/debug/.fingerprint/symbrain-cli-30abb581a8b58b77/invoked.timestamp
/workspace/symaira-usage768-argv/target/debug/.fingerprint/symbrain-cli-30abb581a8b58b77
/workspace/symaira-usage768-argv/target/debug/.fingerprint/symbrain-cli-6950e3496536ae1c/test-integration-test-skills_targets_native.json
/workspace/symaira-usage768-argv/target/debug/.fingerprint/symbrain-cli-6950e3496536ae1c/test-integration-test-skills_targets_native
/workspace/symaira-usage768-argv/target/debug/.fingerprint/symbrain-cli-6950e3496536ae1c/dep-test-integration-test-skills_targets_native
/workspace/symaira-usage768-argv/target/debug/.fingerprint/symbrain-cli-6950e3496536ae1c/invoked.timestamp
/workspace/symaira-usage768-argv/target/debug/.fingerprint/symbrain-cli-6950e3496536ae1c
/workspace/symaira-usage768-argv/target/debug/.fingerprint/symbrain-cli-2f36656ffffcfb01/dep-test-integration-test-profile_cli_tests
/workspace/symaira-usage768-argv/target/debug/.fingerprint/symbrain-cli-2f36656ffffcfb01/test-integration-test-profile_cli_tests.json
/workspace/symaira-usage768-argv/target/debug/.fingerprint/symbrain-cli-2f36656ffffcfb01/invoked.timestamp
/workspace/symaira-usage768-argv/target/debug/.fingerprint/symbrain-cli-2f36656ffffcfb01/test-integration-test-profile_cli_tests
/workspace/symaira-usage768-argv/target/debug/.fingerprint/symbrain-cli-2f36656ffffcfb01
/workspace/symaira-usage768-argv/target/debug/.fingerprint/symbrain-cli-c94f1f6751b10218/test-integration-test-guard_grants_native
/workspace/symaira-usage768-argv/target/debug/.fingerprint/symbrain-cli-c94f1f6751b10218/dep-test-integration-test-guard_grants_native
/workspace/symaira-usage768-argv/target/debug/.fingerprint/symbrain-cli-c94f1f6751b10218/invoked.timestamp
/workspace/symaira-usage768-argv/target/debug/.fingerprint/symbrain-cli-c94f1f6751b10218/test-integration-test-guard_grants_native.json
/workspace/symaira-usage768-argv/target/debug/.fingerprint/symbrain-cli-c94f1f6751b10218
/workspace/symaira-usage768-argv/target/debug/.fingerprint/symbrain-cli-eab8e3c1bdde8b67/invoked.timestamp
/workspace/symaira-usage768-argv/target/debug/.fingerprint/symbrain-cli-eab8e3c1bdde8b67/test-integration-test-guard_doctor_oracle_tests.json
/workspace/symaira-usage768-argv/target/debug/.fingerprint/symbrain-cli-eab8e3c1bdde8b67/dep-test-integration-test-guard_doctor_oracle_tests
/workspace/symaira-usage768-argv/target/debug/.fingerprint/symbrain-cli-eab8e3c1bdde8b67/test-integration-test-guard_doctor_oracle_tests
/workspace/symaira-usage768-argv/target/debug/.fingerprint/symbrain-cli-eab8e3c1bdde8b67
/workspace/symaira-usage768-argv/target/debug/.fingerprint/symbrain-cli-cf481a375549e9d1/dep-test-integration-test-profile_cli_tests
/workspace/symaira-usage768-argv/target/debug/.fingerprint/symbrain-cli-cf481a375549e9d1/test-integration-test-profile_cli_tests.json
/workspace/symaira-usage768-argv/target/debug/.fingerprint/symbrain-cli-cf481a375549e9d1/invoked.timestamp
/workspace/symaira-usage768-argv/target/debug/.fingerprint/symbrain-cli-cf481a375549e9d1/test-integration-test-profile_cli_tests
/workspace/symaira-usage768-argv/target/debug/.fingerprint/symbrain-cli-cf481a375549e9d1
/workspace/symaira-usage768-argv/target/debug/.fingerprint/symbrain-cli-4951bd66fe9c1fb0/test-integration-test-skills_status_opencode_tests.json
/workspace/symaira-usage768-argv/target/debug/.fingerprint/symbrain-cli-4951bd66fe9c1fb0/dep-test-integration-test-skills_status_opencode_tests
/workspace/symaira-usage768-argv/target/debug/.fingerprint/symbrain-cli-4951bd66fe9c1fb0/test-integration-test-skills_status_opencode_tests
/workspace/symaira-usage768-argv/target/debug/.fingerprint/symbrain-cli-4951bd66fe9c1fb0/invoked.timestamp
/workspace/symaira-usage768-argv/target/debug/.fingerprint/symbrain-cli-4951bd66fe9c1fb0
/workspace/symaira-usage768-argv/target/debug/.fingerprint/symbrain-cli-4186f64fdf3734db/test-integration-test-harness_list_tests
/workspace/symaira-usage768-argv/target/debug/.fingerprint/symbrain-cli-4186f64fdf3734db/dep-test-integration-test-harness_list_tests
/workspace/symaira-usage768-argv/target/debug/.fingerprint/symbrain-cli-4186f64fdf3734db/invoked.timestamp
/workspace/symaira-usage768-argv/target/debug/.fingerprint/symbrain-cli-4186f64fdf3734db/test-integration-test-harness_list_tests.json
/workspace/symaira-usage768-argv/target/debug/.fingerprint/symbrain-cli-4186f64fdf3734db
/workspace/symaira-usage768-argv/target/debug/.fingerprint/symbrain-cli-095f6289a13eb9fd/test-integration-test-init_cli_tests.json
/workspace/symaira-usage768-argv/target/debug/.fingerprint/symbrain-cli-095f6289a13eb9fd/dep-test-integration-test-init_cli_tests
/workspace/symaira-usage768-argv/target/debug/.fingerprint/symbrain-cli-095f6289a13eb9fd/invoked.timestamp
/workspace/symaira-usage768-argv/target/debug/.fingerprint/symbrain-cli-095f6289a13eb9fd/test-integration-test-init_cli_tests
/workspace/symaira-usage768-argv/target/debug/.fingerprint/symbrain-cli-095f6289a13eb9fd
/workspace/symaira-usage768-argv/target/debug/.fingerprint/symbrain-cli-25008a4da190d4aa/dep-test-lib-symbrain_cli
/workspace/symaira-usage768-argv/target/debug/.fingerprint/symbrain-cli-25008a4da190d4aa/invoked.timestamp
/workspace/symaira-usage768-argv/target/debug/.fingerprint/symbrain-cli-25008a4da190d4aa/test-lib-symbrain_cli
/workspace/symaira-usage768-argv/target/debug/.fingerprint/symbrain-cli-25008a4da190d4aa/test-lib-symbrain_cli.json
/workspace/symaira-usage768-argv/target/debug/.fingerprint/symbrain-cli-25008a4da190d4aa
/workspace/symaira-usage768-argv/target/debug/.fingerprint/symbrain-cli-6b7773a4e7ec9abc/test-integration-test-skills_list_native
/workspace/symaira-usage768-argv/target/debug/.fingerprint/symbrain-cli-6b7773a4e7ec9abc/invoked.timestamp
/workspace/symaira-usage768-argv/target/debug/.fingerprint/symbrain-cli-6b7773a4e7ec9abc/test-integration-test-skills_list_native.json
/workspace/symaira-usage768-argv/target/debug/.fingerprint/symbrain-cli-6b7773a4e7ec9abc/dep-test-integration-test-skills_list_native
/workspace/symaira-usage768-argv/target/debug/.fingerprint/symbrain-cli-6b7773a4e7ec9abc
/workspace/symaira-usage768-argv/target/debug/.fingerprint/symbrain-cli-ce8c289d8a45877d/test-integration-test-guard_grants_native
/workspace/symaira-usage768-argv/target/debug/.fingerprint/symbrain-cli-ce8c289d8a45877d/dep-test-integration-test-guard_grants_native
/workspace/symaira-usage768-argv/target/debug/.fingerprint/symbrain-cli-ce8c289d8a45877d/invoked.timestamp
/workspace/symaira-usage768-argv/target/debug/.fingerprint/symbrain-cli-ce8c289d8a45877d/test-integration-test-guard_grants_native.json
/workspace/symaira-usage768-argv/target/debug/.fingerprint/symbrain-cli-ce8c289d8a45877d
/workspace/symaira-usage768-argv/target/debug/.fingerprint/symbrain-cli-faffe3ea6bc9acce/test-integration-test-doctor_modules
/workspace/symaira-usage768-argv/target/debug/.fingerprint/symbrain-cli-faffe3ea6bc9acce/test-integration-test-doctor_modules.json
/workspace/symaira-usage768-argv/target/debug/.fingerprint/symbrain-cli-faffe3ea6bc9acce/dep-test-integration-test-doctor_modules
/workspace/symaira-usage768-argv/target/debug/.fingerprint/symbrain-cli-faffe3ea6bc9acce/invoked.timestamp
/workspace/symaira-usage768-argv/target/debug/.fingerprint/symbrain-cli-faffe3ea6bc9acce
/workspace/symaira-usage768-argv/target/debug/.fingerprint/symbrain-cli-8e5384da52136b7e/test-integration-test-skills_sync_legacy_roots.json
/workspace/symaira-usage768-argv/target/debug/.fingerprint/symbrain-cli-8e5384da52136b7e/dep-test-integration-test-skills_sync_legacy_roots
/workspace/symaira-usage768-argv/target/debug/.fingerprint/symbrain-cli-8e5384da52136b7e/test-integration-test-skills_sync_legacy_roots
/workspace/symaira-usage768-argv/target/debug/.fingerprint/symbrain-cli-8e5384da52136b7e/invoked.timestamp
/workspace/symaira-usage768-argv/target/debug/.fingerprint/symbrain-cli-8e5384da52136b7e
/workspace/symaira-usage768-argv/target/debug/.fingerprint/symbrain-cli-13500b526f6e5cf5/dep-test-integration-test-guard_oracle_grants
/workspace/symaira-usage768-argv/target/debug/.fingerprint/symbrain-cli-13500b526f6e5cf5/test-integration-test-guard_oracle_grants
/workspace/symaira-usage768-argv/target/debug/.fingerprint/symbrain-cli-13500b526f6e5cf5/invoked.timestamp
/workspace/symaira-usage768-argv/target/debug/.fingerprint/symbrain-cli-13500b526f6e5cf5/test-integration-test-guard_oracle_grants.json
/workspace/symaira-usage768-argv/target/debug/.fingerprint/symbrain-cli-13500b526f6e5cf5
/workspace/symaira-usage768-argv/target/debug/.fingerprint/symbrain-cli-9e35167957294b9d/test-integration-test-mcp_cli_tests
/workspace/symaira-usage768-argv/target/debug/.fingerprint/symbrain-cli-9e35167957294b9d/test-integration-test-mcp_cli_tests.json
/workspace/symaira-usage768-argv/target/debug/.fingerprint/symbrain-cli-9e35167957294b9d/dep-test-integration-test-mcp_cli_tests
/workspace/symaira-usage768-argv/target/debug/.fingerprint/symbrain-cli-9e35167957294b9d/invoked.timestamp
/workspace/symaira-usage768-argv/target/debug/.fingerprint/symbrain-cli-9e35167957294b9d
/workspace/symaira-usage768-argv/target/debug/.fingerprint/symbrain-cli-2b53c24b147f9099/test-integration-test-guard_decide_adapter.json
/workspace/symaira-usage768-argv/target/debug/.fingerprint/symbrain-cli-2b53c24b147f9099/test-integration-test-guard_decide_adapter
/workspace/symaira-usage768-argv/target/debug/.fingerprint/symbrain-cli-2b53c24b147f9099/invoked.timestamp
/workspace/symaira-usage768-argv/target/debug/.fingerprint/symbrain-cli-2b53c24b147f9099/dep-test-integration-test-guard_decide_adapter
/workspace/symaira-usage768-argv/target/debug/.fingerprint/symbrain-cli-2b53c24b147f9099
/workspace/symaira-usage768-argv/target/debug/.fingerprint/symbrain-cli-6fe31f6d9b5c770e/test-integration-test-cli_tree_tests
/workspace/symaira-usage768-argv/target/debug/.fingerprint/symbrain-cli-6fe31f6d9b5c770e/test-integration-test-cli_tree_tests.json
/workspace/symaira-usage768-argv/target/debug/.fingerprint/symbrain-cli-6fe31f6d9b5c770e/invoked.timestamp
/workspace/symaira-usage768-argv/target/debug/.fingerprint/symbrain-cli-6fe31f6d9b5c770e/dep-test-integration-test-cli_tree_tests
/workspace/symaira-usage768-argv/target/debug/.fingerprint/symbrain-cli-6fe31f6d9b5c770e
/workspace/symaira-usage768-argv/target/debug/.fingerprint/symbrain-cli-4d3effc2be7c6192/test-integration-test-skills_sync_legacy_roots.json
/workspace/symaira-usage768-argv/target/debug/.fingerprint/symbrain-cli-4d3effc2be7c6192/dep-test-integration-test-skills_sync_legacy_roots
/workspace/symaira-usage768-argv/target/debug/.fingerprint/symbrain-cli-4d3effc2be7c6192/test-integration-test-skills_sync_legacy_roots
/workspace/symaira-usage768-argv/target/debug/.fingerprint/symbrain-cli-4d3effc2be7c6192/invoked.timestamp
/workspace/symaira-usage768-argv/target/debug/.fingerprint/symbrain-cli-4d3effc2be7c6192
/workspace/symaira-usage768-argv/target/debug/.fingerprint/symbrain-cli-91e00fb29e5818cd/test-integration-test-guard_grants_native
/workspace/symaira-usage768-argv/target/debug/.fingerprint/symbrain-cli-91e00fb29e5818cd/dep-test-integration-test-guard_grants_native
/workspace/symaira-usage768-argv/target/debug/.fingerprint/symbrain-cli-91e00fb29e5818cd/invoked.timestamp
/workspace/symaira-usage768-argv/target/debug/.fingerprint/symbrain-cli-91e00fb29e5818cd/test-integration-test-guard_grants_native.json
/workspace/symaira-usage768-argv/target/debug/.fingerprint/symbrain-cli-91e00fb29e5818cd
/workspace/symaira-usage768-argv/target/debug/.fingerprint/symbrain-cli-68407b5cffdffe7b/test-integration-test-skills_targets_native.json
/workspace/symaira-usage768-argv/target/debug/.fingerprint/symbrain-cli-68407b5cffdffe7b/test-integration-test-skills_targets_native
/workspace/symaira-usage768-argv/target/debug/.fingerprint/symbrain-cli-68407b5cffdffe7b/dep-test-integration-test-skills_targets_native
/workspace/symaira-usage768-argv/target/debug/.fingerprint/symbrain-cli-68407b5cffdffe7b/invoked.timestamp
/workspace/symaira-usage768-argv/target/debug/.fingerprint/symbrain-cli-68407b5cffdffe7b
/workspace/symaira-usage768-argv/target/debug/.fingerprint/symbrain-cli-2755aeef60e7abfb/test-integration-test-mcp_cli_tests
/workspace/symaira-usage768-argv/target/debug/.fingerprint/symbrain-cli-2755aeef60e7abfb/test-integration-test-mcp_cli_tests.json
/workspace/symaira-usage768-argv/target/debug/.fingerprint/symbrain-cli-2755aeef60e7abfb/dep-test-integration-test-mcp_cli_tests
/workspace/symaira-usage768-argv/target/debug/.fingerprint/symbrain-cli-2755aeef60e7abfb/invoked.timestamp
/workspace/symaira-usage768-argv/target/debug/.fingerprint/symbrain-cli-2755aeef60e7abfb
/workspace/symaira-usage768-argv/target/debug/.fingerprint/symbrain-cli-6da4765e8455aad9/test-integration-test-skills_log_native
/workspace/symaira-usage768-argv/target/debug/.fingerprint/symbrain-cli-6da4765e8455aad9/dep-test-integration-test-skills_log_native
/workspace/symaira-usage768-argv/target/debug/.fingerprint/symbrain-cli-6da4765e8455aad9/test-integration-test-skills_log_native.json
/workspace/symaira-usage768-argv/target/debug/.fingerprint/symbrain-cli-6da4765e8455aad9/invoked.timestamp
/workspace/symaira-usage768-argv/target/debug/.fingerprint/symbrain-cli-6da4765e8455aad9
/workspace/symaira-usage768-argv/target/debug/.fingerprint/symbrain-cli-6afa7b2f4dcba4ba/test-integration-test-skills_sync_legacy_roots.json
/workspace/symaira-usage768-argv/target/debug/.fingerprint/symbrain-cli-6afa7b2f4dcba4ba/dep-test-integration-test-skills_sync_legacy_roots
/workspace/symaira-usage768-argv/target/debug/.fingerprint/symbrain-cli-6afa7b2f4dcba4ba/test-integration-test-skills_sync_legacy_roots
/workspace/symaira-usage768-argv/target/debug/.fingerprint/symbrain-cli-6afa7b2f4dcba4ba/invoked.timestamp
/workspace/symaira-usage768-argv/target/debug/.fingerprint/symbrain-cli-6afa7b2f4dcba4ba
/workspace/symaira-usage768-argv/target/debug/.fingerprint/symbrain-cli-f2741431380267f0/dep-test-integration-test-sync_native
/workspace/symaira-usage768-argv/target/debug/.fingerprint/symbrain-cli-f2741431380267f0/test-integration-test-sync_native.json
/workspace/symaira-usage768-argv/target/debug/.fingerprint/symbrain-cli-f2741431380267f0/test-integration-test-sync_native
/workspace/symaira-usage768-argv/target/debug/.fingerprint/symbrain-cli-f2741431380267f0/invoked.timestamp
/workspace/symaira-usage768-argv/target/debug/.fingerprint/symbrain-cli-f2741431380267f0
/workspace/symaira-usage768-argv/target/debug/.fingerprint/symbrain-cli-5714c280be85d459/test-integration-test-skills_list_native
/workspace/symaira-usage768-argv/target/debug/.fingerprint/symbrain-cli-5714c280be85d459/invoked.timestamp
/workspace/symaira-usage768-argv/target/debug/.fingerprint/symbrain-cli-5714c280be85d459/test-integration-test-skills_list_native.json
/workspace/symaira-usage768-argv/target/debug/.fingerprint/symbrain-cli-5714c280be85d459/dep-test-integration-test-skills_list_native
/workspace/symaira-usage768-argv/target/debug/.fingerprint/symbrain-cli-5714c280be85d459
/workspace/symaira-usage768-argv/target/debug/.fingerprint/symbrain-cli-461fa531e6ee22e0/bin-symbrain
/workspace/symaira-usage768-argv/target/debug/.fingerprint/symbrain-cli-461fa531e6ee22e0/dep-bin-symbrain
/workspace/symaira-usage768-argv/target/debug/.fingerprint/symbrain-cli-461fa531e6ee22e0/bin-symbrain.json
/workspace/symaira-usage768-argv/target/debug/.fingerprint/symbrain-cli-461fa531e6ee22e0/invoked.timestamp
/workspace/symaira-usage768-argv/target/debug/.fingerprint/symbrain-cli-461fa531e6ee22e0
/workspace/symaira-usage768-argv/target/debug/.fingerprint/symbrain-cli-b2815f889058afb7/test-integration-test-vault_admin_native
/workspace/symaira-usage768-argv/target/debug/.fingerprint/symbrain-cli-b2815f889058afb7/test-integration-test-vault_admin_native.json
/workspace/symaira-usage768-argv/target/debug/.fingerprint/symbrain-cli-b2815f889058afb7/invoked.timestamp
/workspace/symaira-usage768-argv/target/debug/.fingerprint/symbrain-cli-b2815f889058afb7/dep-test-integration-test-vault_admin_native
/workspace/symaira-usage768-argv/target/debug/.fingerprint/symbrain-cli-b2815f889058afb7
/workspace/symaira-usage768-argv/target/debug/.fingerprint/symbrain-cli-28e2a4fdeaa048da/test-integration-test-guard_decide_raw_bytes.json
/workspace/symaira-usage768-argv/target/debug/.fingerprint/symbrain-cli-28e2a4fdeaa048da/dep-test-integration-test-guard_decide_raw_bytes
/workspace/symaira-usage768-argv/target/debug/.fingerprint/symbrain-cli-28e2a4fdeaa048da/test-integration-test-guard_decide_raw_bytes
/workspace/symaira-usage768-argv/target/debug/.fingerprint/symbrain-cli-28e2a4fdeaa048da/invoked.timestamp
/workspace/symaira-usage768-argv/target/debug/.fingerprint/symbrain-cli-28e2a4fdeaa048da
/workspace/symaira-usage768-argv/target/debug/.fingerprint/symbrain-cli-6594b3a6944182f6/test-integration-test-skills_status_opencode_tests.json
/workspace/symaira-usage768-argv/target/debug/.fingerprint/symbrain-cli-6594b3a6944182f6/dep-test-integration-test-skills_status_opencode_tests
/workspace/symaira-usage768-argv/target/debug/.fingerprint/symbrain-cli-6594b3a6944182f6/test-integration-test-skills_status_opencode_tests
/workspace/symaira-usage768-argv/target/debug/.fingerprint/symbrain-cli-6594b3a6944182f6/invoked.timestamp
/workspace/symaira-usage768-argv/target/debug/.fingerprint/symbrain-cli-6594b3a6944182f6
/workspace/symaira-usage768-argv/target/debug/.fingerprint/symbrain-cli-d38aed5d6a2b4ae7/test-integration-test-skills_targets_native.json
/workspace/symaira-usage768-argv/target/debug/.fingerprint/symbrain-cli-d38aed5d6a2b4ae7/test-integration-test-skills_targets_native
/workspace/symaira-usage768-argv/target/debug/.fingerprint/symbrain-cli-d38aed5d6a2b4ae7/dep-test-integration-test-skills_targets_native
/workspace/symaira-usage768-argv/target/debug/.fingerprint/symbrain-cli-d38aed5d6a2b4ae7/invoked.timestamp
/workspace/symaira-usage768-argv/target/debug/.fingerprint/symbrain-cli-d38aed5d6a2b4ae7
/workspace/symaira-usage768-argv/target/debug/.fingerprint/symbrain-cli-c5746f0718615fef/test-integration-test-mcp_cli_tests
/workspace/symaira-usage768-argv/target/debug/.fingerprint/symbrain-cli-c5746f0718615fef/test-integration-test-mcp_cli_tests.json
/workspace/symaira-usage768-argv/target/debug/.fingerprint/symbrain-cli-c5746f0718615fef/dep-test-integration-test-mcp_cli_tests
/workspace/symaira-usage768-argv/target/debug/.fingerprint/symbrain-cli-c5746f0718615fef/invoked.timestamp
/workspace/symaira-usage768-argv/target/debug/.fingerprint/symbrain-cli-c5746f0718615fef
/workspace/symaira-usage768-argv/target/debug/.fingerprint/symbrain-cli-993a6415d628af37/dep-test-integration-test-guard_oracle_grants
/workspace/symaira-usage768-argv/target/debug/.fingerprint/symbrain-cli-993a6415d628af37/test-integration-test-guard_oracle_grants
/workspace/symaira-usage768-argv/target/debug/.fingerprint/symbrain-cli-993a6415d628af37/invoked.timestamp
/workspace/symaira-usage768-argv/target/debug/.fingerprint/symbrain-cli-993a6415d628af37/test-integration-test-guard_oracle_grants.json
/workspace/symaira-usage768-argv/target/debug/.fingerprint/symbrain-cli-993a6415d628af37
/workspace/symaira-usage768-argv/target/debug/.fingerprint/symbrain-cli-226ff7fe50e336e0/dep-test-lib-symbrain_cli
/workspace/symaira-usage768-argv/target/debug/.fingerprint/symbrain-cli-226ff7fe50e336e0/invoked.timestamp
/workspace/symaira-usage768-argv/target/debug/.fingerprint/symbrain-cli-226ff7fe50e336e0/test-lib-symbrain_cli
/workspace/symaira-usage768-argv/target/debug/.fingerprint/symbrain-cli-226ff7fe50e336e0/test-lib-symbrain_cli.json
/workspace/symaira-usage768-argv/target/debug/.fingerprint/symbrain-cli-226ff7fe50e336e0
/workspace/symaira-usage768-argv/target/debug/.fingerprint/symbrain-cli-712c7153a2f2e1d7/dep-test-integration-test-sync_native
/workspace/symaira-usage768-argv/target/debug/.fingerprint/symbrain-cli-712c7153a2f2e1d7/test-integration-test-sync_native.json
/workspace/symaira-usage768-argv/target/debug/.fingerprint/symbrain-cli-712c7153a2f2e1d7/test-integration-test-sync_native
/workspace/symaira-usage768-argv/target/debug/.fingerprint/symbrain-cli-712c7153a2f2e1d7/invoked.timestamp
/workspace/symaira-usage768-argv/target/debug/.fingerprint/symbrain-cli-712c7153a2f2e1d7
/workspace/symaira-usage768-argv/target/debug/.fingerprint/symbrain-cli-a489ccf7a86ebded/test-integration-test-install_oracle_tests
/workspace/symaira-usage768-argv/target/debug/.fingerprint/symbrain-cli-a489ccf7a86ebded/dep-test-integration-test-install_oracle_tests
/workspace/symaira-usage768-argv/target/debug/.fingerprint/symbrain-cli-a489ccf7a86ebded/invoked.timestamp
/workspace/symaira-usage768-argv/target/debug/.fingerprint/symbrain-cli-a489ccf7a86ebded/test-integration-test-install_oracle_tests.json
/workspace/symaira-usage768-argv/target/debug/.fingerprint/symbrain-cli-a489ccf7a86ebded
/workspace/symaira-usage768-argv/target/debug/.fingerprint/symbrain-cli-be4bc800ade04e61/test-integration-test-guard_decide_adapter.json
/workspace/symaira-usage768-argv/target/debug/.fingerprint/symbrain-cli-be4bc800ade04e61/test-integration-test-guard_decide_adapter
/workspace/symaira-usage768-argv/target/debug/.fingerprint/symbrain-cli-be4bc800ade04e61/invoked.timestamp
/workspace/symaira-usage768-argv/target/debug/.fingerprint/symbrain-cli-be4bc800ade04e61/dep-test-integration-test-guard_decide_adapter
/workspace/symaira-usage768-argv/target/debug/.fingerprint/symbrain-cli-be4bc800ade04e61
/workspace/symaira-usage768-argv/target/debug/.fingerprint/symbrain-cli-aee92efa6ea265bb/dep-lib-symbrain_cli
/workspace/symaira-usage768-argv/target/debug/.fingerprint/symbrain-cli-aee92efa6ea265bb/invoked.timestamp
/workspace/symaira-usage768-argv/target/debug/.fingerprint/symbrain-cli-aee92efa6ea265bb/lib-symbrain_cli
/workspace/symaira-usage768-argv/target/debug/.fingerprint/symbrain-cli-aee92efa6ea265bb/lib-symbrain_cli.json
/workspace/symaira-usage768-argv/target/debug/.fingerprint/symbrain-cli-aee92efa6ea265bb
/workspace/symaira-usage768-argv/target/debug/.fingerprint/symbrain-cli-e38f90539a3711a2/test-integration-test-doctor_native
/workspace/symaira-usage768-argv/target/debug/.fingerprint/symbrain-cli-e38f90539a3711a2/test-integration-test-doctor_native.json
/workspace/symaira-usage768-argv/target/debug/.fingerprint/symbrain-cli-e38f90539a3711a2/dep-test-integration-test-doctor_native
/workspace/symaira-usage768-argv/target/debug/.fingerprint/symbrain-cli-e38f90539a3711a2/invoked.timestamp
/workspace/symaira-usage768-argv/target/debug/.fingerprint/symbrain-cli-e38f90539a3711a2
/workspace/symaira-usage768-argv/target/debug/.fingerprint/symbrain-cli-1446769e16af9806/test-integration-test-setup_repair_native.json
/workspace/symaira-usage768-argv/target/debug/.fingerprint/symbrain-cli-1446769e16af9806/test-integration-test-setup_repair_native
/workspace/symaira-usage768-argv/target/debug/.fingerprint/symbrain-cli-1446769e16af9806/invoked.timestamp
/workspace/symaira-usage768-argv/target/debug/.fingerprint/symbrain-cli-1446769e16af9806/dep-test-integration-test-setup_repair_native
/workspace/symaira-usage768-argv/target/debug/.fingerprint/symbrain-cli-1446769e16af9806
/workspace/symaira-usage768-argv/target/debug/.fingerprint/symbrain-cli-f1ed6a07dc1085ea/test-integration-test-guard_decide_raw_bytes.json
/workspace/symaira-usage768-argv/target/debug/.fingerprint/symbrain-cli-f1ed6a07dc1085ea/dep-test-integration-test-guard_decide_raw_bytes
/workspace/symaira-usage768-argv/target/debug/.fingerprint/symbrain-cli-f1ed6a07dc1085ea/test-integration-test-guard_decide_raw_bytes
/workspace/symaira-usage768-argv/target/debug/.fingerprint/symbrain-cli-f1ed6a07dc1085ea/invoked.timestamp
/workspace/symaira-usage768-argv/target/debug/.fingerprint/symbrain-cli-f1ed6a07dc1085ea
/workspace/symaira-usage768-argv/target/debug/.fingerprint/symbrain-cli-a402ccd73a57f3cc/test-integration-test-install_oracle_tests
/workspace/symaira-usage768-argv/target/debug/.fingerprint/symbrain-cli-a402ccd73a57f3cc/dep-test-integration-test-install_oracle_tests
/workspace/symaira-usage768-argv/target/debug/.fingerprint/symbrain-cli-a402ccd73a57f3cc/invoked.timestamp
/workspace/symaira-usage768-argv/target/debug/.fingerprint/symbrain-cli-a402ccd73a57f3cc/test-integration-test-install_oracle_tests.json
/workspace/symaira-usage768-argv/target/debug/.fingerprint/symbrain-cli-a402ccd73a57f3cc
/workspace/symaira-usage768-argv/target/debug/.fingerprint/symbrain-cli-8e1fc6a6e7af14b7/test-integration-test-guard_grants_native
/workspace/symaira-usage768-argv/target/debug/.fingerprint/symbrain-cli-8e1fc6a6e7af14b7/dep-test-integration-test-guard_grants_native
/workspace/symaira-usage768-argv/target/debug/.fingerprint/symbrain-cli-8e1fc6a6e7af14b7/invoked.timestamp
/workspace/symaira-usage768-argv/target/debug/.fingerprint/symbrain-cli-8e1fc6a6e7af14b7/test-integration-test-guard_grants_native.json
/workspace/symaira-usage768-argv/target/debug/.fingerprint/symbrain-cli-8e1fc6a6e7af14b7
/workspace/symaira-usage768-argv/target/debug/.fingerprint/symbrain-cli-be9bd7f5fa0a5e29/test-integration-test-install_oracle_tests
/workspace/symaira-usage768-argv/target/debug/.fingerprint/symbrain-cli-be9bd7f5fa0a5e29/dep-test-integration-test-install_oracle_tests
/workspace/symaira-usage768-argv/target/debug/.fingerprint/symbrain-cli-be9bd7f5fa0a5e29/invoked.timestamp
/workspace/symaira-usage768-argv/target/debug/.fingerprint/symbrain-cli-be9bd7f5fa0a5e29/test-integration-test-install_oracle_tests.json
/workspace/symaira-usage768-argv/target/debug/.fingerprint/symbrain-cli-be9bd7f5fa0a5e29
/workspace/symaira-usage768-argv/target/debug/.fingerprint/symbrain-cli-1f0da0656fb51fdc/test-integration-test-doctor_native
/workspace/symaira-usage768-argv/target/debug/.fingerprint/symbrain-cli-1f0da0656fb51fdc/test-integration-test-doctor_native.json
/workspace/symaira-usage768-argv/target/debug/.fingerprint/symbrain-cli-1f0da0656fb51fdc/dep-test-integration-test-doctor_native
/workspace/symaira-usage768-argv/target/debug/.fingerprint/symbrain-cli-1f0da0656fb51fdc/invoked.timestamp
/workspace/symaira-usage768-argv/target/debug/.fingerprint/symbrain-cli-1f0da0656fb51fdc
/workspace/symaira-usage768-argv/target/debug/.fingerprint/symbrain-cli-f13051de02df0a5d/test-integration-test-activity_validation_tests.json
/workspace/symaira-usage768-argv/target/debug/.fingerprint/symbrain-cli-f13051de02df0a5d/test-integration-test-activity_validation_tests
/workspace/symaira-usage768-argv/target/debug/.fingerprint/symbrain-cli-f13051de02df0a5d/invoked.timestamp
/workspace/symaira-usage768-argv/target/debug/.fingerprint/symbrain-cli-f13051de02df0a5d/dep-test-integration-test-activity_validation_tests
/workspace/symaira-usage768-argv/target/debug/.fingerprint/symbrain-cli-f13051de02df0a5d
/workspace/symaira-usage768-argv/target/debug/.fingerprint/symbrain-cli-02bba95cbc5c5b83/bin-symbrain
/workspace/symaira-usage768-argv/target/debug/.fingerprint/symbrain-cli-02bba95cbc5c5b83/dep-bin-symbrain
/workspace/symaira-usage768-argv/target/debug/.fingerprint/symbrain-cli-02bba95cbc5c5b83/bin-symbrain.json
/workspace/symaira-usage768-argv/target/debug/.fingerprint/symbrain-cli-02bba95cbc5c5b83/invoked.timestamp
/workspace/symaira-usage768-argv/target/debug/.fingerprint/symbrain-cli-02bba95cbc5c5b83
/workspace/symaira-usage768-argv/target/debug/.fingerprint/symbrain-cli-d8e67f2315b063f7/test-integration-test-vault_admin_native
/workspace/symaira-usage768-argv/target/debug/.fingerprint/symbrain-cli-d8e67f2315b063f7/test-integration-test-vault_admin_native.json
/workspace/symaira-usage768-argv/target/debug/.fingerprint/symbrain-cli-d8e67f2315b063f7/invoked.timestamp
/workspace/symaira-usage768-argv/target/debug/.fingerprint/symbrain-cli-d8e67f2315b063f7/dep-test-integration-test-vault_admin_native
/workspace/symaira-usage768-argv/target/debug/.fingerprint/symbrain-cli-d8e67f2315b063f7
/workspace/symaira-usage768-argv/target/debug/.fingerprint/symbrain-cli-c177fdc85479a0f8/test-integration-test-guard_decide_adapter.json
/workspace/symaira-usage768-argv/target/debug/.fingerprint/symbrain-cli-c177fdc85479a0f8/test-integration-test-guard_decide_adapter
/workspace/symaira-usage768-argv/target/debug/.fingerprint/symbrain-cli-c177fdc85479a0f8/invoked.timestamp
/workspace/symaira-usage768-argv/target/debug/.fingerprint/symbrain-cli-c177fdc85479a0f8/dep-test-integration-test-guard_decide_adapter
/workspace/symaira-usage768-argv/target/debug/.fingerprint/symbrain-cli-c177fdc85479a0f8
/workspace/symaira-usage768-argv/target/debug/.fingerprint/symbrain-cli-e966b13b04bb6d06/test-integration-test-activity_validation_tests.json
/workspace/symaira-usage768-argv/target/debug/.fingerprint/symbrain-cli-e966b13b04bb6d06/test-integration-test-activity_validation_tests
/workspace/symaira-usage768-argv/target/debug/.fingerprint/symbrain-cli-e966b13b04bb6d06/invoked.timestamp
/workspace/symaira-usage768-argv/target/debug/.fingerprint/symbrain-cli-e966b13b04bb6d06/dep-test-integration-test-activity_validation_tests
/workspace/symaira-usage768-argv/target/debug/.fingerprint/symbrain-cli-e966b13b04bb6d06
/workspace/symaira-usage768-argv/target/debug/.fingerprint/symbrain-cli-86c6e9e6106b3442/test-integration-test-doctor_native
/workspace/symaira-usage768-argv/target/debug/.fingerprint/symbrain-cli-86c6e9e6106b3442/test-integration-test-doctor_native.json
/workspace/symaira-usage768-argv/target/debug/.fingerprint/symbrain-cli-86c6e9e6106b3442/dep-test-integration-test-doctor_native
/workspace/symaira-usage768-argv/target/debug/.fingerprint/symbrain-cli-86c6e9e6106b3442/invoked.timestamp
/workspace/symaira-usage768-argv/target/debug/.fingerprint/symbrain-cli-86c6e9e6106b3442
/workspace/symaira-usage768-argv/target/debug/.fingerprint/symbrain-cli-96be492380dac455/dep-test-integration-test-activity_cli_oracle_tests
/workspace/symaira-usage768-argv/target/debug/.fingerprint/symbrain-cli-96be492380dac455/invoked.timestamp
/workspace/symaira-usage768-argv/target/debug/.fingerprint/symbrain-cli-96be492380dac455/test-integration-test-activity_cli_oracle_tests.json
/workspace/symaira-usage768-argv/target/debug/.fingerprint/symbrain-cli-96be492380dac455/test-integration-test-activity_cli_oracle_tests
/workspace/symaira-usage768-argv/target/debug/.fingerprint/symbrain-cli-96be492380dac455
/workspace/symaira-usage768-argv/target/debug/.fingerprint/symbrain-cli-d746e2bbda87cf1d/test-integration-test-init_cli_tests.json
/workspace/symaira-usage768-argv/target/debug/.fingerprint/symbrain-cli-d746e2bbda87cf1d/dep-test-integration-test-init_cli_tests
/workspace/symaira-usage768-argv/target/debug/.fingerprint/symbrain-cli-d746e2bbda87cf1d/invoked.timestamp
/workspace/symaira-usage768-argv/target/debug/.fingerprint/symbrain-cli-d746e2bbda87cf1d/test-integration-test-init_cli_tests
/workspace/symaira-usage768-argv/target/debug/.fingerprint/symbrain-cli-d746e2bbda87cf1d
/workspace/symaira-usage768-argv/target/debug/build/symbrain-cli-34d0705f27e1023f/build-script-build
/workspace/symaira-usage768-argv/target/debug/build/symbrain-cli-34d0705f27e1023f/build_script_build-34d0705f27e1023f
/workspace/symaira-usage768-argv/target/debug/build/symbrain-cli-34d0705f27e1023f/build_script_build-34d0705f27e1023f.d
/workspace/symaira-usage768-argv/target/debug/build/symbrain-cli-34d0705f27e1023f
/workspace/symaira-usage768-argv/target/debug/build/symbrain-cli-672d0be2b0d6e56d/root-output
/workspace/symaira-usage768-argv/target/debug/build/symbrain-cli-672d0be2b0d6e56d/out
/workspace/symaira-usage768-argv/target/debug/build/symbrain-cli-672d0be2b0d6e56d/invoked.timestamp
/workspace/symaira-usage768-argv/target/debug/build/symbrain-cli-672d0be2b0d6e56d/stderr
/workspace/symaira-usage768-argv/target/debug/build/symbrain-cli-672d0be2b0d6e56d/output
/workspace/symaira-usage768-argv/target/debug/build/symbrain-cli-672d0be2b0d6e56d
/workspace/symaira-usage768-argv/target/debug/build/symbrain-cli-29729099236c6b08/root-output
/workspace/symaira-usage768-argv/target/debug/build/symbrain-cli-29729099236c6b08/out
/workspace/symaira-usage768-argv/target/debug/build/symbrain-cli-29729099236c6b08/invoked.timestamp
/workspace/symaira-usage768-argv/target/debug/build/symbrain-cli-29729099236c6b08/stderr
/workspace/symaira-usage768-argv/target/debug/build/symbrain-cli-29729099236c6b08/output
/workspace/symaira-usage768-argv/target/debug/build/symbrain-cli-29729099236c6b08
/workspace/symaira-usage768-argv/target/debug/build/symbrain-cli-dd0f2a2cb55b54b4/build-script-build
/workspace/symaira-usage768-argv/target/debug/build/symbrain-cli-dd0f2a2cb55b54b4/build_script_build-dd0f2a2cb55b54b4
/workspace/symaira-usage768-argv/target/debug/build/symbrain-cli-dd0f2a2cb55b54b4/build_script_build-dd0f2a2cb55b54b4.d
/workspace/symaira-usage768-argv/target/debug/build/symbrain-cli-dd0f2a2cb55b54b4
     Summary 758 files, 461.0MiB total
warning: no files deleted due to --dry-run
