test_exhaustive_ledger_separates_unexecuted_from_platform_complete (test_config_path_admission.KernelAdmission.test_exhaustive_ledger_separates_unexecuted_from_platform_complete) ... ok
test_linux_original_domain_and_failed_pairs_cannot_claim_complete (test_config_path_admission.KernelAdmission.test_linux_original_domain_and_failed_pairs_cannot_claim_complete) ... ok
test_mock_darwin_probe_preserves_raw_exception_cleanup_and_no_child (test_config_path_admission.KernelAdmission.test_mock_darwin_probe_preserves_raw_exception_cleanup_and_no_child) ... ok
test_only_invalid_utf8_darwin_exact_92_is_unavailable (test_config_path_admission.KernelAdmission.test_only_invalid_utf8_darwin_exact_92_is_unavailable) ... ok
test_owned_representable_unicode_is_mandatory_and_clean (test_config_path_admission.KernelAdmission.test_owned_representable_unicode_is_mandatory_and_clean) ... ok
test_all_owned_possible_discovery_bases_have_parents_and_absent_files (test_config_path_fixtures.ConfigPathFixtures.test_all_owned_possible_discovery_bases_have_parents_and_absent_files) ... ok
test_discovery_gate_rejects_an_earlier_missing_hermes_parent (test_config_path_fixtures.ConfigPathFixtures.test_discovery_gate_rejects_an_earlier_missing_hermes_parent) ... ok
test_explicit_filename_owner_differs_only_for_symlink_parent_platform (test_config_path_fixtures.ConfigPathFixtures.test_explicit_filename_owner_differs_only_for_symlink_parent_platform) ... ok
test_observer_adds_bad_cursor_only_after_healthy_discovery_parents (test_config_path_fixtures.ConfigPathFixtures.test_observer_adds_bad_cursor_only_after_healthy_discovery_parents) ... ok
test_seeded_parents_preserve_raw_unix_components (test_config_path_fixtures.ConfigPathFixtures.test_seeded_parents_preserve_raw_unix_components) ... ok
test_windows_junction_api_is_separate_from_product_environment_callback (test_config_path_fixtures.ConfigPathFixtures.test_windows_junction_api_is_separate_from_product_environment_callback) ... ok
test_actual_observer_retains_child_before_readonly_assertion (test_config_path_progress.ProgressTests.test_actual_observer_retains_child_before_readonly_assertion) ... ok
test_actual_observer_retains_timeout_partial_streams_and_unchanged_budget (test_config_path_progress.ProgressTests.test_actual_observer_retains_timeout_partial_streams_and_unchanged_budget) ... ok
test_actual_wrapper_still_rejects_incidental_child_failure (test_config_path_progress.ProgressTests.test_actual_wrapper_still_rejects_incidental_child_failure) ... ok
test_complete_retains_the_supplied_exact_result (test_config_path_progress.ProgressTests.test_complete_retains_the_supplied_exact_result) ... ok
test_completed_pairs_survive_later_failure (test_config_path_progress.ProgressTests.test_completed_pairs_survive_later_failure) ... ok
test_failed_control_keeps_raw_outputs_and_environment (test_config_path_progress.ProgressTests.test_failed_control_keeps_raw_outputs_and_environment) ... ok
test_replace_failure_preserves_previous_document_and_cleans_stage (test_config_path_progress.ProgressTests.test_replace_failure_preserves_previous_document_and_cleans_stage) ... ok
test_unix_wrapper_keeps_original_realpath_branch (test_config_path_progress.ProgressTests.test_unix_wrapper_keeps_original_realpath_branch) ... ok
test_windows_current_resolves_link_prefix_first (test_config_path_progress.ProgressTests.test_windows_current_resolves_link_prefix_first) ... ok
test_windows_original_folds_link_parent_before_resolution (test_config_path_progress.ProgressTests.test_windows_original_folds_link_parent_before_resolution) ... ok

----------------------------------------------------------------------
Ran 21 tests in 0.083s

OK
