/workspace/symaira-usage768-argv/target/debug/.fingerprint/symbrain-cli-34d0705f27e1023f/build-script-build-script-build
/workspace/symaira-usage768-argv/target/debug/.fingerprint/symbrain-cli-34d0705f27e1023f/build-script-build-script-build.json
/workspace/symaira-usage768-argv/target/debug/.fingerprint/symbrain-cli-34d0705f27e1023f/invoked.timestamp
/workspace/symaira-usage768-argv/target/debug/.fingerprint/symbrain-cli-34d0705f27e1023f/dep-build-script-build-script-build
/workspace/symaira-usage768-argv/target/debug/.fingerprint/symbrain-cli-34d0705f27e1023f
/workspace/symaira-usage768-argv/target/debug/.fingerprint/symbrain-cli-29729099236c6b08/run-build-script-build-script-build
/workspace/symaira-usage768-argv/target/debug/.fingerprint/symbrain-cli-29729099236c6b08/run-build-script-build-script-build.json
/workspace/symaira-usage768-argv/target/debug/.fingerprint/symbrain-cli-29729099236c6b08
/workspace/symaira-usage768-argv/target/debug/.fingerprint/symbrain-cli-3bd99f4836667d75/dep-lib-symbrain_cli
/workspace/symaira-usage768-argv/target/debug/.fingerprint/symbrain-cli-3bd99f4836667d75/invoked.timestamp
/workspace/symaira-usage768-argv/target/debug/.fingerprint/symbrain-cli-3bd99f4836667d75/lib-symbrain_cli
/workspace/symaira-usage768-argv/target/debug/.fingerprint/symbrain-cli-3bd99f4836667d75/lib-symbrain_cli.json
/workspace/symaira-usage768-argv/target/debug/.fingerprint/symbrain-cli-3bd99f4836667d75
/workspace/symaira-usage768-argv/target/debug/.fingerprint/symbrain-cli-461fa531e6ee22e0/bin-symbrain
/workspace/symaira-usage768-argv/target/debug/.fingerprint/symbrain-cli-461fa531e6ee22e0/dep-bin-symbrain
/workspace/symaira-usage768-argv/target/debug/.fingerprint/symbrain-cli-461fa531e6ee22e0/bin-symbrain.json
/workspace/symaira-usage768-argv/target/debug/.fingerprint/symbrain-cli-461fa531e6ee22e0/invoked.timestamp
/workspace/symaira-usage768-argv/target/debug/.fingerprint/symbrain-cli-461fa531e6ee22e0
/workspace/symaira-usage768-argv/target/debug/build/symbrain-cli-34d0705f27e1023f/build-script-build
/workspace/symaira-usage768-argv/target/debug/build/symbrain-cli-34d0705f27e1023f/build_script_build-34d0705f27e1023f
/workspace/symaira-usage768-argv/target/debug/build/symbrain-cli-34d0705f27e1023f/build_script_build-34d0705f27e1023f.d
/workspace/symaira-usage768-argv/target/debug/build/symbrain-cli-34d0705f27e1023f
/workspace/symaira-usage768-argv/target/debug/build/symbrain-cli-29729099236c6b08/root-output
/workspace/symaira-usage768-argv/target/debug/build/symbrain-cli-29729099236c6b08/out
/workspace/symaira-usage768-argv/target/debug/build/symbrain-cli-29729099236c6b08/invoked.timestamp
/workspace/symaira-usage768-argv/target/debug/build/symbrain-cli-29729099236c6b08/stderr
/workspace/symaira-usage768-argv/target/debug/build/symbrain-cli-29729099236c6b08/output
/workspace/symaira-usage768-argv/target/debug/build/symbrain-cli-29729099236c6b08
     Summary 36 files, 133.8MiB total
warning: no files deleted due to --dry-run
