    Finished `dev` profile [unoptimized] target(s) in 0.12s
   Compiling libc v0.2.189
   Compiling zerofrom v0.1.8
   Compiling yoke v0.8.3
   Compiling zerovec v0.11.8
   Compiling tinystr v0.8.4
   Compiling icu_locale_core v2.3.0
   Compiling getrandom v0.4.3
   Compiling crypto-common v0.2.2
   Compiling zerotrie v0.2.5
   Compiling potential_utf v0.1.6
   Compiling icu_provider v2.3.1
   Compiling icu_collections v2.3.0
   Compiling getrandom v0.3.4
   Compiling smallvec v1.16.0
   Compiling cipher v0.5.2
   Compiling icu_normalizer v2.3.0
   Compiling icu_properties v2.3.0
   Compiling rand_core v0.9.5
   Compiling universal-hash v0.6.1
   Compiling polyval v0.7.3
   Compiling wait-timeout v0.2.1
   Compiling once_cell v1.21.4
   Compiling percent-encoding v2.3.2
   Compiling idna_adapter v1.2.2
   Compiling idna v1.1.0
   Compiling form_urlencoded v1.2.2
   Compiling tempfile v3.27.0
   Compiling serde_json v1.0.151
   Compiling ppv-lite86 v0.2.21
   Compiling ghash v0.6.0
   Compiling aes v0.9.3
   Compiling ctr v0.10.1
   Compiling aead v0.6.1
   Compiling errno v0.3.14
   Compiling memchr v2.8.3
   Compiling time v0.3.55
   Compiling rusty-fork v0.3.1
   Compiling signal-hook-registry v1.4.8
   Compiling aes-gcm v0.11.1
   Compiling rand_chacha v0.9.0
   Compiling url v2.5.8
   Compiling rand v0.9.5
   Compiling rand_xorshift v0.4.0
   Compiling mio v1.2.3
   Compiling fs2 v0.4.3
   Compiling socket2 v0.6.5
   Compiling tokio v1.53.1
   Compiling proptest v1.11.0
   Compiling symbrowse-core v0.0.0 (/workspace/symaira-daemon772-state-key/browse/crates/symbrowse-core)
    Finished `dev` profile [unoptimized] target(s) in 10.78s
