{
  "total": 38,
  "passed": 18,
  "differences": [
    {
      "id": "proxy-080-@-False",
      "go": {
        "body_hex": "7b22626f6479223a22222c2268656164657273223a7b22686f7374223a5b2239332e3138342e3231362e33343a303830225d2c2270726f78792d617574686f72697a6174696f6e223a5b224261736963204f673d3d225d7d2c226d6574686f64223a22474554222c22746172676574223a22687474703a2f2f39332e3138342e3231362e33343a3038302f6563686f227d",
        "error": "",
        "headers": {
          "content-length": [
            "145"
          ]
        },
        "id": "proxy-080-@-False",
        "protocol": "HTTP/1.1",
        "status": 200,
        "url": "http://93.184.216.34:080/echo"
      },
      "rust": {
        "body_hex": "7b22626f6479223a22222c2268656164657273223a7b22686f7374223a5b2239332e3138342e3231362e33343a303830225d7d2c226d6574686f64223a22474554222c22746172676574223a22687474703a2f2f39332e3138342e3231362e33343a3038302f6563686f227d",
        "error": "",
        "headers": {
          "content-length": [
            "108"
          ]
        },
        "id": "proxy-080-@-False",
        "protocol": "HTTP/1.1",
        "status": 200,
        "url": "http://93.184.216.34:080/echo"
      }
    },
    {
      "id": "proxy-080-@-True",
      "go": {
        "body_hex": "7b22626f6479223a22222c2268656164657273223a7b22686f7374223a5b2239332e3138342e3231362e33343a303830225d2c2270726f78792d617574686f72697a6174696f6e223a5b2273796e7468657469632d63616c6c6572222c224261736963204f673d3d225d7d2c226d6574686f64223a22474554222c22746172676574223a22687474703a2f2f39332e3138342e3231362e33343a3038302f6563686f227d",
        "error": "",
        "headers": {
          "content-length": [
            "164"
          ]
        },
        "id": "proxy-080-@-True",
        "protocol": "HTTP/1.1",
        "status": 200,
        "url": "http://93.184.216.34:080/echo"
      },
      "rust": {
        "body_hex": "7b22626f6479223a22222c2268656164657273223a7b22686f7374223a5b2239332e3138342e3231362e33343a303830225d2c2270726f78792d617574686f72697a6174696f6e223a5b2273796e7468657469632d63616c6c6572225d7d2c226d6574686f64223a22474554222c22746172676574223a22687474703a2f2f39332e3138342e3231362e33343a3038302f6563686f227d",
        "error": "",
        "headers": {
          "content-length": [
            "151"
          ]
        },
        "id": "proxy-080-@-True",
        "protocol": "HTTP/1.1",
        "status": 200,
        "url": "http://93.184.216.34:080/echo"
      }
    },
    {
      "id": "proxy-080-:@-False",
      "go": {
        "body_hex": "7b22626f6479223a22222c2268656164657273223a7b22686f7374223a5b2239332e3138342e3231362e33343a303830225d2c2270726f78792d617574686f72697a6174696f6e223a5b224261736963204f673d3d225d7d2c226d6574686f64223a22474554222c22746172676574223a22687474703a2f2f39332e3138342e3231362e33343a3038302f6563686f227d",
        "error": "",
        "headers": {
          "content-length": [
            "145"
          ]
        },
        "id": "proxy-080-:@-False",
        "protocol": "HTTP/1.1",
        "status": 200,
        "url": "http://93.184.216.34:080/echo"
      },
      "rust": {
        "body_hex": "7b22626f6479223a22222c2268656164657273223a7b22686f7374223a5b2239332e3138342e3231362e33343a303830225d7d2c226d6574686f64223a22474554222c22746172676574223a22687474703a2f2f39332e3138342e3231362e33343a3038302f6563686f227d",
        "error": "",
        "headers": {
          "content-length": [
            "108"
          ]
        },
        "id": "proxy-080-:@-False",
        "protocol": "HTTP/1.1",
        "status": 200,
        "url": "http://93.184.216.34:080/echo"
      }
    },
    {
      "id": "proxy-080-:@-True",
      "go": {
        "body_hex": "7b22626f6479223a22222c2268656164657273223a7b22686f7374223a5b2239332e3138342e3231362e33343a303830225d2c2270726f78792d617574686f72697a6174696f6e223a5b2273796e7468657469632d63616c6c6572222c224261736963204f673d3d225d7d2c226d6574686f64223a22474554222c22746172676574223a22687474703a2f2f39332e3138342e3231362e33343a3038302f6563686f227d",
        "error": "",
        "headers": {
          "content-length": [
            "164"
          ]
        },
        "id": "proxy-080-:@-True",
        "protocol": "HTTP/1.1",
        "status": 200,
        "url": "http://93.184.216.34:080/echo"
      },
      "rust": {
        "body_hex": "7b22626f6479223a22222c2268656164657273223a7b22686f7374223a5b2239332e3138342e3231362e33343a303830225d2c2270726f78792d617574686f72697a6174696f6e223a5b2273796e7468657469632d63616c6c6572225d7d2c226d6574686f64223a22474554222c22746172676574223a22687474703a2f2f39332e3138342e3231362e33343a3038302f6563686f227d",
        "error": "",
        "headers": {
          "content-length": [
            "151"
          ]
        },
        "id": "proxy-080-:@-True",
        "protocol": "HTTP/1.1",
        "status": 200,
        "url": "http://93.184.216.34:080/echo"
      }
    },
    {
      "id": "proxy-080-%ff:password@-False",
      "go": {
        "body_hex": "7b22626f6479223a22222c2268656164657273223a7b22686f7374223a5b2239332e3138342e3231362e33343a303830225d2c2270726f78792d617574686f72697a6174696f6e223a5b224261736963202f7a707759584e7a643239795a413d3d225d7d2c226d6574686f64223a22474554222c22746172676574223a22687474703a2f2f39332e3138342e3231362e33343a3038302f6563686f227d",
        "error": "",
        "headers": {
          "content-length": [
            "157"
          ]
        },
        "id": "proxy-080-%ff:password@-False",
        "protocol": "HTTP/1.1",
        "status": 200,
        "url": "http://93.184.216.34:080/echo"
      },
      "rust": {
        "body_hex": "7b22626f6479223a22222c2268656164657273223a7b22686f7374223a5b2239332e3138342e3231362e33343a303830225d7d2c226d6574686f64223a22474554222c22746172676574223a22687474703a2f2f39332e3138342e3231362e33343a3038302f6563686f227d",
        "error": "",
        "headers": {
          "content-length": [
            "108"
          ]
        },
        "id": "proxy-080-%ff:password@-False",
        "protocol": "HTTP/1.1",
        "status": 200,
        "url": "http://93.184.216.34:080/echo"
      }
    },
    {
      "id": "proxy-080-%ff:password@-True",
      "go": {
        "body_hex": "7b22626f6479223a22222c2268656164657273223a7b22686f7374223a5b2239332e3138342e3231362e33343a303830225d2c2270726f78792d617574686f72697a6174696f6e223a5b2273796e7468657469632d63616c6c6572222c224261736963202f7a707759584e7a643239795a413d3d225d7d2c226d6574686f64223a22474554222c22746172676574223a22687474703a2f2f39332e3138342e3231362e33343a3038302f6563686f227d",
        "error": "",
        "headers": {
          "content-length": [
            "176"
          ]
        },
        "id": "proxy-080-%ff:password@-True",
        "protocol": "HTTP/1.1",
        "status": 200,
        "url": "http://93.184.216.34:080/echo"
      },
      "rust": {
        "body_hex": "7b22626f6479223a22222c2268656164657273223a7b22686f7374223a5b2239332e3138342e3231362e33343a303830225d2c2270726f78792d617574686f72697a6174696f6e223a5b2273796e7468657469632d63616c6c6572225d7d2c226d6574686f64223a22474554222c22746172676574223a22687474703a2f2f39332e3138342e3231362e33343a3038302f6563686f227d",
        "error": "",
        "headers": {
          "content-length": [
            "151"
          ]
        },
        "id": "proxy-080-%ff:password@-True",
        "protocol": "HTTP/1.1",
        "status": 200,
        "url": "http://93.184.216.34:080/echo"
      }
    },
    {
      "id": "proxy-080-user:%ff@-False",
      "go": {
        "body_hex": "7b22626f6479223a22222c2268656164657273223a7b22686f7374223a5b2239332e3138342e3231362e33343a303830225d2c2270726f78792d617574686f72697a6174696f6e223a5b2242617369632064584e6c636a722f225d7d2c226d6574686f64223a22474554222c22746172676574223a22687474703a2f2f39332e3138342e3231362e33343a3038302f6563686f227d",
        "error": "",
        "headers": {
          "content-length": [
            "149"
          ]
        },
        "id": "proxy-080-user:%ff@-False",
        "protocol": "HTTP/1.1",
        "status": 200,
        "url": "http://93.184.216.34:080/echo"
      },
      "rust": {
        "body_hex": "7b22626f6479223a22222c2268656164657273223a7b22686f7374223a5b2239332e3138342e3231362e33343a303830225d2c2270726f78792d617574686f72697a6174696f6e223a5b2242617369632064584e6c636a6f3d225d7d2c226d6574686f64223a22474554222c22746172676574223a22687474703a2f2f39332e3138342e3231362e33343a3038302f6563686f227d",
        "error": "",
        "headers": {
          "content-length": [
            "149"
          ]
        },
        "id": "proxy-080-user:%ff@-False",
        "protocol": "HTTP/1.1",
        "status": 200,
        "url": "http://93.184.216.34:080/echo"
      }
    },
    {
      "id": "proxy-080-user:%ff@-True",
      "go": {
        "body_hex": "7b22626f6479223a22222c2268656164657273223a7b22686f7374223a5b2239332e3138342e3231362e33343a303830225d2c2270726f78792d617574686f72697a6174696f6e223a5b2273796e7468657469632d63616c6c6572222c2242617369632064584e6c636a722f225d7d2c226d6574686f64223a22474554222c22746172676574223a22687474703a2f2f39332e3138342e3231362e33343a3038302f6563686f227d",
        "error": "",
        "headers": {
          "content-length": [
            "168"
          ]
        },
        "id": "proxy-080-user:%ff@-True",
        "protocol": "HTTP/1.1",
        "status": 200,
        "url": "http://93.184.216.34:080/echo"
      },
      "rust": {
        "body_hex": "7b22626f6479223a22222c2268656164657273223a7b22686f7374223a5b2239332e3138342e3231362e33343a303830225d2c2270726f78792d617574686f72697a6174696f6e223a5b2273796e7468657469632d63616c6c6572222c2242617369632064584e6c636a6f3d225d7d2c226d6574686f64223a22474554222c22746172676574223a22687474703a2f2f39332e3138342e3231362e33343a3038302f6563686f227d",
        "error": "",
        "headers": {
          "content-length": [
            "168"
          ]
        },
        "id": "proxy-080-user:%ff@-True",
        "protocol": "HTTP/1.1",
        "status": 200,
        "url": "http://93.184.216.34:080/echo"
      }
    },
    {
      "id": "target-080-%ff:password@",
      "go": {
        "body_hex": "7b22626f6479223a22222c2268656164657273223a7b22617574686f72697a6174696f6e223a5b224261736963202f7a707759584e7a643239795a413d3d225d2c22686f7374223a5b2239332e3138342e3231362e33343a303830225d7d2c226d6574686f64223a22474554222c22746172676574223a22687474703a2f2f39332e3138342e3231362e33343a3038302f6563686f227d",
        "error": "",
        "headers": {
          "content-length": [
            "151"
          ]
        },
        "id": "target-080-%ff:password@",
        "protocol": "HTTP/1.1",
        "status": 200,
        "url": "http://%FF:password@93.184.216.34:080/echo"
      },
      "rust": {
        "body_hex": "7b22626f6479223a22222c2268656164657273223a7b22686f7374223a5b2239332e3138342e3231362e33343a303830225d7d2c226d6574686f64223a22474554222c22746172676574223a22687474703a2f2f2566663a70617373776f72644039332e3138342e3231362e33343a3038302f6563686f227d",
        "error": "",
        "headers": {
          "content-length": [
            "121"
          ]
        },
        "id": "target-080-%ff:password@",
        "protocol": "HTTP/1.1",
        "status": 200,
        "url": "http://%ff:password@93.184.216.34:080/echo"
      }
    },
    {
      "id": "target-080-user:%ff@",
      "go": {
        "body_hex": "7b22626f6479223a22222c2268656164657273223a7b22617574686f72697a6174696f6e223a5b2242617369632064584e6c636a722f225d2c22686f7374223a5b2239332e3138342e3231362e33343a303830225d7d2c226d6574686f64223a22474554222c22746172676574223a22687474703a2f2f39332e3138342e3231362e33343a3038302f6563686f227d",
        "error": "",
        "headers": {
          "content-length": [
            "143"
          ]
        },
        "id": "target-080-user:%ff@",
        "protocol": "HTTP/1.1",
        "status": 200,
        "url": "http://user:%FF@93.184.216.34:080/echo"
      },
      "rust": {
        "body_hex": "7b22626f6479223a22222c2268656164657273223a7b22617574686f72697a6174696f6e223a5b2242617369632064584e6c636a6f3d225d2c22686f7374223a5b2239332e3138342e3231362e33343a303830225d7d2c226d6574686f64223a22474554222c22746172676574223a22687474703a2f2f39332e3138342e3231362e33343a3038302f6563686f227d",
        "error": "",
        "headers": {
          "content-length": [
            "143"
          ]
        },
        "id": "target-080-user:%ff@",
        "protocol": "HTTP/1.1",
        "status": 200,
        "url": "http://user:%ff@93.184.216.34:080/echo"
      }
    },
    {
      "id": "proxy-81-@-False",
      "go": {
        "body_hex": "7b22626f6479223a22222c2268656164657273223a7b22686f7374223a5b2239332e3138342e3231362e33343a3831225d2c2270726f78792d617574686f72697a6174696f6e223a5b224261736963204f673d3d225d7d2c226d6574686f64223a22474554222c22746172676574223a22687474703a2f2f39332e3138342e3231362e33343a38312f6563686f227d",
        "error": "",
        "headers": {
          "content-length": [
            "143"
          ]
        },
        "id": "proxy-81-@-False",
        "protocol": "HTTP/1.1",
        "status": 200,
        "url": "http://93.184.216.34:81/echo"
      },
      "rust": {
        "body_hex": "7b22626f6479223a22222c2268656164657273223a7b22686f7374223a5b2239332e3138342e3231362e33343a3831225d7d2c226d6574686f64223a22474554222c22746172676574223a22687474703a2f2f39332e3138342e3231362e33343a38312f6563686f227d",
        "error": "",
        "headers": {
          "content-length": [
            "106"
          ]
        },
        "id": "proxy-81-@-False",
        "protocol": "HTTP/1.1",
        "status": 200,
        "url": "http://93.184.216.34:81/echo"
      }
    },
    {
      "id": "proxy-81-@-True",
      "go": {
        "body_hex": "7b22626f6479223a22222c2268656164657273223a7b22686f7374223a5b2239332e3138342e3231362e33343a3831225d2c2270726f78792d617574686f72697a6174696f6e223a5b2273796e7468657469632d63616c6c6572222c224261736963204f673d3d225d7d2c226d6574686f64223a22474554222c22746172676574223a22687474703a2f2f39332e3138342e3231362e33343a38312f6563686f227d",
        "error": "",
        "headers": {
          "content-length": [
            "162"
          ]
        },
        "id": "proxy-81-@-True",
        "protocol": "HTTP/1.1",
        "status": 200,
        "url": "http://93.184.216.34:81/echo"
      },
      "rust": {
        "body_hex": "7b22626f6479223a22222c2268656164657273223a7b22686f7374223a5b2239332e3138342e3231362e33343a3831225d2c2270726f78792d617574686f72697a6174696f6e223a5b2273796e7468657469632d63616c6c6572225d7d2c226d6574686f64223a22474554222c22746172676574223a22687474703a2f2f39332e3138342e3231362e33343a38312f6563686f227d",
        "error": "",
        "headers": {
          "content-length": [
            "149"
          ]
        },
        "id": "proxy-81-@-True",
        "protocol": "HTTP/1.1",
        "status": 200,
        "url": "http://93.184.216.34:81/echo"
      }
    },
    {
      "id": "proxy-81-:@-False",
      "go": {
        "body_hex": "7b22626f6479223a22222c2268656164657273223a7b22686f7374223a5b2239332e3138342e3231362e33343a3831225d2c2270726f78792d617574686f72697a6174696f6e223a5b224261736963204f673d3d225d7d2c226d6574686f64223a22474554222c22746172676574223a22687474703a2f2f39332e3138342e3231362e33343a38312f6563686f227d",
        "error": "",
        "headers": {
          "content-length": [
            "143"
          ]
        },
        "id": "proxy-81-:@-False",
        "protocol": "HTTP/1.1",
        "status": 200,
        "url": "http://93.184.216.34:81/echo"
      },
      "rust": {
        "body_hex": "7b22626f6479223a22222c2268656164657273223a7b22686f7374223a5b2239332e3138342e3231362e33343a3831225d7d2c226d6574686f64223a22474554222c22746172676574223a22687474703a2f2f39332e3138342e3231362e33343a38312f6563686f227d",
        "error": "",
        "headers": {
          "content-length": [
            "106"
          ]
        },
        "id": "proxy-81-:@-False",
        "protocol": "HTTP/1.1",
        "status": 200,
        "url": "http://93.184.216.34:81/echo"
      }
    },
    {
      "id": "proxy-81-:@-True",
      "go": {
        "body_hex": "7b22626f6479223a22222c2268656164657273223a7b22686f7374223a5b2239332e3138342e3231362e33343a3831225d2c2270726f78792d617574686f72697a6174696f6e223a5b2273796e7468657469632d63616c6c6572222c224261736963204f673d3d225d7d2c226d6574686f64223a22474554222c22746172676574223a22687474703a2f2f39332e3138342e3231362e33343a38312f6563686f227d",
        "error": "",
        "headers": {
          "content-length": [
            "162"
          ]
        },
        "id": "proxy-81-:@-True",
        "protocol": "HTTP/1.1",
        "status": 200,
        "url": "http://93.184.216.34:81/echo"
      },
      "rust": {
        "body_hex": "7b22626f6479223a22222c2268656164657273223a7b22686f7374223a5b2239332e3138342e3231362e33343a3831225d2c2270726f78792d617574686f72697a6174696f6e223a5b2273796e7468657469632d63616c6c6572225d7d2c226d6574686f64223a22474554222c22746172676574223a22687474703a2f2f39332e3138342e3231362e33343a38312f6563686f227d",
        "error": "",
        "headers": {
          "content-length": [
            "149"
          ]
        },
        "id": "proxy-81-:@-True",
        "protocol": "HTTP/1.1",
        "status": 200,
        "url": "http://93.184.216.34:81/echo"
      }
    },
    {
      "id": "proxy-81-%ff:password@-False",
      "go": {
        "body_hex": "7b22626f6479223a22222c2268656164657273223a7b22686f7374223a5b2239332e3138342e3231362e33343a3831225d2c2270726f78792d617574686f72697a6174696f6e223a5b224261736963202f7a707759584e7a643239795a413d3d225d7d2c226d6574686f64223a22474554222c22746172676574223a22687474703a2f2f39332e3138342e3231362e33343a38312f6563686f227d",
        "error": "",
        "headers": {
          "content-length": [
            "155"
          ]
        },
        "id": "proxy-81-%ff:password@-False",
        "protocol": "HTTP/1.1",
        "status": 200,
        "url": "http://93.184.216.34:81/echo"
      },
      "rust": {
        "body_hex": "7b22626f6479223a22222c2268656164657273223a7b22686f7374223a5b2239332e3138342e3231362e33343a3831225d2c2270726f78792d617574686f72697a6174696f6e223a5b2242617369632037372b394f6e426863334e3362334a6b225d7d2c226d6574686f64223a22474554222c22746172676574223a22687474703a2f2f39332e3138342e3231362e33343a38312f6563686f227d",
        "error": "",
        "headers": {
          "content-length": [
            "155"
          ]
        },
        "id": "proxy-81-%ff:password@-False",
        "protocol": "HTTP/1.1",
        "status": 200,
        "url": "http://93.184.216.34:81/echo"
      }
    },
    {
      "id": "proxy-81-%ff:password@-True",
      "go": {
        "body_hex": "7b22626f6479223a22222c2268656164657273223a7b22686f7374223a5b2239332e3138342e3231362e33343a3831225d2c2270726f78792d617574686f72697a6174696f6e223a5b2273796e7468657469632d63616c6c6572222c224261736963202f7a707759584e7a643239795a413d3d225d7d2c226d6574686f64223a22474554222c22746172676574223a22687474703a2f2f39332e3138342e3231362e33343a38312f6563686f227d",
        "error": "",
        "headers": {
          "content-length": [
            "174"
          ]
        },
        "id": "proxy-81-%ff:password@-True",
        "protocol": "HTTP/1.1",
        "status": 200,
        "url": "http://93.184.216.34:81/echo"
      },
      "rust": {
        "body_hex": "7b22626f6479223a22222c2268656164657273223a7b22686f7374223a5b2239332e3138342e3231362e33343a3831225d2c2270726f78792d617574686f72697a6174696f6e223a5b2273796e7468657469632d63616c6c6572225d7d2c226d6574686f64223a22474554222c22746172676574223a22687474703a2f2f39332e3138342e3231362e33343a38312f6563686f227d",
        "error": "",
        "headers": {
          "content-length": [
            "149"
          ]
        },
        "id": "proxy-81-%ff:password@-True",
        "protocol": "HTTP/1.1",
        "status": 200,
        "url": "http://93.184.216.34:81/echo"
      }
    },
    {
      "id": "proxy-81-user:%ff@-False",
      "go": {
        "body_hex": "7b22626f6479223a22222c2268656164657273223a7b22686f7374223a5b2239332e3138342e3231362e33343a3831225d2c2270726f78792d617574686f72697a6174696f6e223a5b2242617369632064584e6c636a722f225d7d2c226d6574686f64223a22474554222c22746172676574223a22687474703a2f2f39332e3138342e3231362e33343a38312f6563686f227d",
        "error": "",
        "headers": {
          "content-length": [
            "147"
          ]
        },
        "id": "proxy-81-user:%ff@-False",
        "protocol": "HTTP/1.1",
        "status": 200,
        "url": "http://93.184.216.34:81/echo"
      },
      "rust": {
        "body_hex": "7b22626f6479223a22222c2268656164657273223a7b22686f7374223a5b2239332e3138342e3231362e33343a3831225d2c2270726f78792d617574686f72697a6174696f6e223a5b2242617369632064584e6c636a6f3d225d7d2c226d6574686f64223a22474554222c22746172676574223a22687474703a2f2f39332e3138342e3231362e33343a38312f6563686f227d",
        "error": "",
        "headers": {
          "content-length": [
            "147"
          ]
        },
        "id": "proxy-81-user:%ff@-False",
        "protocol": "HTTP/1.1",
        "status": 200,
        "url": "http://93.184.216.34:81/echo"
      }
    },
    {
      "id": "proxy-81-user:%ff@-True",
      "go": {
        "body_hex": "7b22626f6479223a22222c2268656164657273223a7b22686f7374223a5b2239332e3138342e3231362e33343a3831225d2c2270726f78792d617574686f72697a6174696f6e223a5b2273796e7468657469632d63616c6c6572222c2242617369632064584e6c636a722f225d7d2c226d6574686f64223a22474554222c22746172676574223a22687474703a2f2f39332e3138342e3231362e33343a38312f6563686f227d",
        "error": "",
        "headers": {
          "content-length": [
            "166"
          ]
        },
        "id": "proxy-81-user:%ff@-True",
        "protocol": "HTTP/1.1",
        "status": 200,
        "url": "http://93.184.216.34:81/echo"
      },
      "rust": {
        "body_hex": "7b22626f6479223a22222c2268656164657273223a7b22686f7374223a5b2239332e3138342e3231362e33343a3831225d2c2270726f78792d617574686f72697a6174696f6e223a5b2273796e7468657469632d63616c6c6572222c2242617369632064584e6c636a6f3d225d7d2c226d6574686f64223a22474554222c22746172676574223a22687474703a2f2f39332e3138342e3231362e33343a38312f6563686f227d",
        "error": "",
        "headers": {
          "content-length": [
            "166"
          ]
        },
        "id": "proxy-81-user:%ff@-True",
        "protocol": "HTTP/1.1",
        "status": 200,
        "url": "http://93.184.216.34:81/echo"
      }
    },
    {
      "id": "target-81-%ff:password@",
      "go": {
        "body_hex": "7b22626f6479223a22222c2268656164657273223a7b22617574686f72697a6174696f6e223a5b224261736963202f7a707759584e7a643239795a413d3d225d2c22686f7374223a5b2239332e3138342e3231362e33343a3831225d7d2c226d6574686f64223a22474554222c22746172676574223a22687474703a2f2f39332e3138342e3231362e33343a38312f6563686f227d",
        "error": "",
        "headers": {
          "content-length": [
            "149"
          ]
        },
        "id": "target-81-%ff:password@",
        "protocol": "HTTP/1.1",
        "status": 200,
        "url": "http://%FF:password@93.184.216.34:81/echo"
      },
      "rust": {
        "body_hex": "7b22626f6479223a22222c2268656164657273223a7b22686f7374223a5b2239332e3138342e3231362e33343a3831225d7d2c226d6574686f64223a22474554222c22746172676574223a22687474703a2f2f2566663a70617373776f72644039332e3138342e3231362e33343a38312f6563686f227d",
        "error": "",
        "headers": {
          "content-length": [
            "119"
          ]
        },
        "id": "target-81-%ff:password@",
        "protocol": "HTTP/1.1",
        "status": 200,
        "url": "http://%ff:password@93.184.216.34:81/echo"
      }
    },
    {
      "id": "target-81-user:%ff@",
      "go": {
        "body_hex": "7b22626f6479223a22222c2268656164657273223a7b22617574686f72697a6174696f6e223a5b2242617369632064584e6c636a722f225d2c22686f7374223a5b2239332e3138342e3231362e33343a3831225d7d2c226d6574686f64223a22474554222c22746172676574223a22687474703a2f2f39332e3138342e3231362e33343a38312f6563686f227d",
        "error": "",
        "headers": {
          "content-length": [
            "141"
          ]
        },
        "id": "target-81-user:%ff@",
        "protocol": "HTTP/1.1",
        "status": 200,
        "url": "http://user:%FF@93.184.216.34:81/echo"
      },
      "rust": {
        "body_hex": "7b22626f6479223a22222c2268656164657273223a7b22617574686f72697a6174696f6e223a5b2242617369632064584e6c636a6f3d225d2c22686f7374223a5b2239332e3138342e3231362e33343a3831225d7d2c226d6574686f64223a22474554222c22746172676574223a22687474703a2f2f39332e3138342e3231362e33343a38312f6563686f227d",
        "error": "",
        "headers": {
          "content-length": [
            "141"
          ]
        },
        "id": "target-81-user:%ff@",
        "protocol": "HTTP/1.1",
        "status": 200,
        "url": "http://user:%ff@93.184.216.34:81/echo"
      }
    }
  ]
}
