   Compiling libc v0.2.189
    Checking cfg-if v1.0.4
   Compiling getrandom v0.4.3
    Checking zerofrom v0.1.8
    Checking rand_core v0.10.1
    Checking stable_deref_trait v1.2.1
    Checking yoke v0.8.3
    Checking typenum v1.20.1
    Checking zerovec v0.11.8
    Checking tinystr v0.8.4
    Checking litemap v0.8.3
    Checking hybrid-array v0.4.14
    Checking writeable v0.6.4
    Checking icu_locale_core v2.3.0
    Checking crypto-common v0.2.2
   Compiling serde_core v1.0.229
    Checking zerotrie v0.2.5
    Checking potential_utf v0.1.6
    Checking errno v0.3.14
    Checking utf8_iter v1.0.4
   Compiling icu_properties_data v2.3.0
   Compiling getrandom v0.3.4
   Compiling icu_normalizer_data v2.3.0
    Checking icu_provider v2.3.1
    Checking icu_collections v2.3.0
    Checking inout v0.2.2
    Checking cmov v0.5.4
    Checking ctutils v0.4.2
   Compiling rustix v1.1.4
    Checking block-buffer v0.12.1
    Checking cpubits v0.1.1
    Checking bitflags v2.13.1
    Checking smallvec v1.16.0
    Checking cpufeatures v0.3.1
    Checking zeroize v1.9.0
    Checking icu_normalizer v2.3.0
   Compiling zerocopy v0.8.56
    Checking cipher v0.5.2
    Checking icu_properties v2.3.0
    Checking rand_core v0.9.5
    Checking universal-hash v0.6.1
    Checking foldhash v0.2.0
    Checking hashbrown v0.17.1
    Checking idna_adapter v1.2.2
   Compiling zmij v1.0.23
    Checking polyval v0.7.3
    Checking wait-timeout v0.2.1
    Checking winnow v1.0.4
    Checking fastrand v2.5.0
    Checking percent-encoding v2.3.2
    Checking once_cell v1.21.4
   Compiling serde_json v1.0.151
    Checking tempfile v3.27.0
    Checking form_urlencoded v1.2.2
   Compiling serde v1.0.229
    Checking toml_parser v1.1.3+spec-1.1.0
    Checking hashlink v0.12.2
    Checking ghash v0.6.0
    Checking idna v1.1.0
   Compiling num-traits v0.2.19
    Checking aes v0.9.3
    Checking ctr v0.10.1
    Checking serde_spanned v1.1.1
    Checking toml_datetime v1.1.1+spec-1.1.0
    Checking aead v0.6.1
    Checking num_threads v0.1.7
    Checking encoding_rs v0.8.35
    Checking ppv-lite86 v0.2.21
    Checking powerfmt v0.2.0
    Checking itoa v1.0.18
    Checking time-core v0.1.9
    Checking fnv v1.0.7
    Checking memchr v2.8.3
    Checking arraydeque v0.5.1
    Checking toml_writer v1.1.2+spec-1.1.0
    Checking bit-vec v0.8.0
    Checking deranged v0.5.8
    Checking quick-error v1.2.3
    Checking num-conv v0.2.2
    Checking rusty-fork v0.3.1
    Checking bit-set v0.8.0
    Checking time v0.3.55
    Checking toml v1.1.5+spec-1.1.0
    Checking yaml-rust2 v0.12.0
    Checking rand_chacha v0.9.0
    Checking aes-gcm v0.11.1
    Checking url v2.5.8
    Checking rand v0.9.5
    Checking rand_xorshift v0.4.0
    Checking signal-hook-registry v1.4.8
    Checking socket2 v0.6.5
    Checking mio v1.2.3
    Checking fs2 v0.4.3
    Checking bytes v1.12.1
    Checking regex-syntax v0.8.11
    Checking unarray v0.1.4
    Checking pin-project-lite v0.2.17
    Checking tokio v1.53.1
    Checking proptest v1.11.0
    Checking symbrowse-core v0.0.0 (/workspace/symaira-daemon772-state-key-osargs/browse/crates/symbrowse-core)
error[E0432]: unresolved import `rustix::fs::mkfifoat`
   --> crates/symbrowse-core/tests/state_cleanup.rs:121:33
    |
121 |     use rustix::fs::{CWD, Mode, mkfifoat};
    |                                 ^^^^^^^^ no `mkfifoat` in `fs`

For more information about this error, try `rustc --explain E0432`.
error: could not compile `symbrowse-core` (test "state_cleanup") due to 1 previous error
warning: build failed, waiting for other jobs to finish...
