no-key matches= True
empty-key matches= True
environment-ab matches= True
environment-wrong-cd matches= True
environment-trimmed-ab matches= True
invalid-environment-text matches= True
invalid-environment-json matches= True
invalid-environment-yaml matches= True
vault-ab-environment-ab matches= True
vault-cd-environment-ab matches= True
vault-2-environment-ab matches= True
vault-3-environment-ab matches= True
vault-4-environment-ab matches= True
vault-invalid-environment-ab matches= True
vault-empty-environment-ab matches= True
vault-timeout-environment-ab matches= True
state-directory-is-file matches= True
vault-denied-json matches= True
vault-denied-yaml matches= True
vault-denied-json-last matches= True
vault-denied-json-first matches= True
environment-nonhex64 matches= True
environment-short matches= True
environment-long matches= True
environment-unicode-space matches= True
vault-3-no-environment matches= True
vault-empty-no-environment matches= True
environment-internal-space matches= True
forged-none matches= True
corrupt-later matches= True
authenticated-nonjson matches= True
