inline-defaults positive True gated True match False
inline-sequence positive True gated True match False
inline-proxy-audit positive True gated True match False
empty-rules positive True gated True match False
inline-rules positive True gated True match False
empty-remote positive True gated True match False
inline-remote positive True gated True match False
inline-spawn-empty positive True gated True match False
inline-invalid-decision positive False gated True match False
inline-type-error positive False gated True match False
inline-ordered-type-error positive False gated True match False
unknown-scalar positive True gated True match False
unknown-nested positive True gated True match False
unknown-ordered positive True gated True match False
decode-before-validation positive False gated True match False
unknown-before-type-error positive False gated True match False
type-error-order-a positive False gated True match False
type-error-order-b positive False gated True match False
many-invalid-defaults positive False gated True match False
valid-dotted-config positive True gated True match False
known-surrogate positive True gated True match False
known-low-surrogate positive True gated True match False
known-invalid-utf8 positive True gated True match False
known-pair positive True gated False match True
unknown-surrogate-key positive True gated True match False
unknown-invalid-key positive True gated True match False
known-string-before-error positive False gated True match False
known-error-before-key positive False gated True match False
invalidutf8-after-error positive False gated True match False
known-type-invalid positive False gated False match True
unknown-valid-deep positive True gated False match True
invalidutf8-outside-string positive False gated False match True
known-escaped-backslash positive True gated False match True
config-directory positive False gated True match False
anchor-directory positive False gated True match False
audit-parent-file positive False gated True match False
missing-command positive False gated True match False
malformed-discovery positive False gated True match False
invalid defaults50runs distinct 2
